
  .   ____          _            __ _ _
 /\\ / ___'_ __ _ _(_)_ __  __ _ \ \ \ \
( ( )\___ | '_ | '_| | '_ \/ _` | \ \ \ \
 \\/  ___)| |_)| | | | | || (_| |  ) ) ) )
  '  |____| .__|_| |_|_| |_\__, | / / / /
 =========|_|==============|___/=/_/_/_/
 :: Spring Boot ::                (v3.2.5)

2026-07-25 05:06:40.657 INFO  [main] com.retailzw.RetailSaasApplication - Starting RetailSaasApplication v1.0.0 using Java 17.0.11 with PID 21824 (C:\Users\talen\Desktop\JAVA PROJECTS\retailzim_software\backend\target\retail-saas-backend-1.0.0-exec.jar started by talen in C:\Users\talen\Desktop\JAVA PROJECTS\retailzim_software\backend)
2026-07-25 05:06:40.671 INFO  [main] com.retailzw.RetailSaasApplication - No active profile set, falling back to 1 default profile: "default"
2026-07-25 05:06:45.846 INFO  [main] o.s.d.r.c.RepositoryConfigurationDelegate - Bootstrapping Spring Data JPA repositories in DEFAULT mode.
2026-07-25 05:06:46.696 INFO  [main] o.s.d.r.c.RepositoryConfigurationDelegate - Finished Spring Data repository scanning in 836 ms. Found 67 JPA repository interfaces.
2026-07-25 05:06:51.592 INFO  [main] o.s.b.w.e.tomcat.TomcatWebServer - Tomcat initialized with port 8080 (http)
2026-07-25 05:06:51.607 INFO  [main] o.a.catalina.core.StandardService - Starting service [Tomcat]
2026-07-25 05:06:51.608 INFO  [main] o.a.catalina.core.StandardEngine - Starting Servlet engine: [Apache Tomcat/10.1.20]
2026-07-25 05:06:51.685 INFO  [main] o.a.c.c.C.[Tomcat].[localhost].[/] - Initializing Spring embedded WebApplicationContext
2026-07-25 05:06:51.689 INFO  [main] o.s.b.w.s.c.ServletWebServerApplicationContext - Root WebApplicationContext: initialization completed in 10808 ms
2026-07-25 05:06:52.954 INFO  [main] com.zaxxer.hikari.HikariDataSource - RetailZW-HikariPool - Starting...
2026-07-25 05:06:53.458 INFO  [main] com.zaxxer.hikari.pool.HikariPool - RetailZW-HikariPool - Added connection com.mysql.cj.jdbc.ConnectionImpl@19739906
2026-07-25 05:06:53.460 INFO  [main] com.zaxxer.hikari.HikariDataSource - RetailZW-HikariPool - Start completed.
2026-07-25 05:06:53.817 INFO  [main] o.f.c.i.license.VersionPrinter - Flyway Community Edition 9.22.3 by Redgate
2026-07-25 05:06:53.817 INFO  [main] o.f.c.i.license.VersionPrinter - See release notes here: https://rd.gt/416ObMi
2026-07-25 05:06:53.819 INFO  [main] o.f.c.i.license.VersionPrinter - 
2026-07-25 05:06:53.860 INFO  [main] org.flywaydb.core.FlywayExecutor - Database: jdbc:mysql://localhost:3306/retail_zw (MySQL 8.0)
2026-07-25 05:06:54.001 INFO  [main] o.f.core.internal.command.DbValidate - Successfully validated 42 migrations (execution time 00:00.112s)
2026-07-25 05:06:54.023 INFO  [main] o.f.core.internal.command.DbMigrate - Current version of schema `retail_zw`: 42
2026-07-25 05:06:54.027 INFO  [main] o.f.core.internal.command.DbMigrate - Schema `retail_zw` is up to date. No migration necessary.
2026-07-25 05:06:54.360 INFO  [main] o.h.jpa.internal.util.LogHelper - HHH000204: Processing PersistenceUnitInfo [name: default]
2026-07-25 05:06:54.551 INFO  [main] org.hibernate.Version - HHH000412: Hibernate ORM core version 6.4.4.Final
2026-07-25 05:06:54.652 INFO  [main] o.h.c.i.RegionFactoryInitiator - HHH000026: Second-level cache disabled
2026-07-25 05:06:55.200 INFO  [main] o.s.o.j.p.SpringPersistenceUnitInfo - No LoadTimeWeaver setup: ignoring JPA class transformer
2026-07-25 05:06:55.293 WARN  [main] org.hibernate.orm.deprecation - HHH90000025: MySQLDialect does not need to be specified explicitly using 'hibernate.dialect' (remove the property setting and it will be selected by default)
2026-07-25 05:07:02.693 INFO  [main] o.h.e.t.j.p.i.JtaPlatformInitiator - HHH000489: No JTA platform available (set 'hibernate.transaction.jta.platform' to enable JTA platform integration)
2026-07-25 05:07:03.044 INFO  [main] o.s.o.j.LocalContainerEntityManagerFactoryBean - Initialized JPA EntityManagerFactory for persistence unit 'default'
2026-07-25 05:07:04.462 INFO  [main] o.s.d.j.r.query.QueryEnhancerFactory - Hibernate is in classpath; If applicable, HQL parser will be used.
2026-07-25 05:07:12.729 INFO  [main] com.retailzw.service.EmailService - SMTP configured host=mail.retailzw.co.zw port=587 support=support@retailzw.co.zw billing=sales@retailzw.co.zw notifications=info@retailzw.co.zw
2026-07-25 05:07:24.575 INFO  [main] o.s.b.a.e.web.EndpointLinksResolver - Exposing 1 endpoint(s) beneath base path '/actuator'
2026-07-25 05:07:27.683 INFO  [main] o.s.b.w.e.tomcat.TomcatWebServer - Tomcat started on port 8080 (http) with context path ''
2026-07-25 05:07:27.718 INFO  [main] com.retailzw.RetailSaasApplication - Started RetailSaasApplication in 48.404 seconds (process running for 49.556)
2026-07-25 05:07:40.416 INFO  [http-nio-0.0.0.0-8080-exec-1] o.a.c.c.C.[Tomcat].[localhost].[/] - Initializing Spring DispatcherServlet 'dispatcherServlet'
2026-07-25 05:07:40.417 INFO  [http-nio-0.0.0.0-8080-exec-1] o.s.web.servlet.DispatcherServlet - Initializing Servlet 'dispatcherServlet'
2026-07-25 05:07:40.421 INFO  [http-nio-0.0.0.0-8080-exec-1] o.s.web.servlet.DispatcherServlet - Completed initialization in 3 ms
2026-07-25 05:07:41.356 WARN  [http-nio-0.0.0.0-8080-exec-2] o.a.c.util.SessionIdGeneratorBase - Creation of SecureRandom instance for session ID generation using [SHA1PRNG] took [515] milliseconds.
2026-07-25 07:08:09.998 WARN  [scheduling-1] com.retailzw.service.EmailService - Email failed from=sales@retailzw.co.zw to=test@retailzw.co.zw subject=RetailZW payment confirmed - INV-RZW117849363492110EC9D551D2D2 cause=Failed messages: jakarta.mail.SendFailedException: Invalid Addresses;
  nested exception is:
	org.eclipse.angus.mail.smtp.SMTPAddressFailedException: 550 No such recipient here

2026-07-25 07:08:10.006 WARN  [scheduling-1] c.r.s.PaymentNotificationWorker - Payment confirmation deferred checkoutId=4 attempt=8 reason=Email provider did not accept the confirmation.
2026-07-25 11:24:26.570 WARN  [scheduling-1] com.retailzw.service.EmailService - Email failed from=sales@retailzw.co.zw to=test@retailzw.co.zw subject=RetailZW payment confirmed - INV-RZW117849363492110EC9D551D2D2 cause=Failed messages: jakarta.mail.SendFailedException: Invalid Addresses;
  nested exception is:
	org.eclipse.angus.mail.smtp.SMTPAddressFailedException: 550 No such recipient here

2026-07-25 11:24:26.576 WARN  [scheduling-1] c.r.s.PaymentNotificationWorker - Payment confirmation deferred checkoutId=4 attempt=9 reason=Email provider did not accept the confirmation.
