
  .   ____          _            __ _ _
 /\\ / ___'_ __ _ _(_)_ __  __ _ \ \ \ \
( ( )\___ | '_ | '_| | '_ \/ _` | \ \ \ \
 \\/  ___)| |_)| | | | | || (_| |  ) ) ) )
  '  |____| .__|_| |_|_| |_\__, | / / / /
 =========|_|==============|___/=/_/_/_/
 :: Spring Boot ::                (v3.2.5)

2026-07-29 01:56:26.927 INFO  [main] com.retailzw.RetailSaasApplication - Starting RetailSaasApplication v1.0.0 using Java 17.0.11 with PID 2204 (C:\Users\talen\Desktop\JAVA PROJECTS\retailzim_software\backend\target\retail-saas-backend-1.0.0-exec.jar started by talen in C:\Users\talen\Desktop\JAVA PROJECTS\retailzim_software\backend)
2026-07-29 01:56:26.932 INFO  [main] com.retailzw.RetailSaasApplication - No active profile set, falling back to 1 default profile: "default"
2026-07-29 01:56:32.287 INFO  [main] o.s.d.r.c.RepositoryConfigurationDelegate - Bootstrapping Spring Data JPA repositories in DEFAULT mode.
2026-07-29 01:56:33.365 INFO  [main] o.s.d.r.c.RepositoryConfigurationDelegate - Finished Spring Data repository scanning in 1061 ms. Found 67 JPA repository interfaces.
2026-07-29 01:56:39.583 INFO  [main] o.s.b.w.e.tomcat.TomcatWebServer - Tomcat initialized with port 8080 (http)
2026-07-29 01:56:39.601 INFO  [main] o.a.catalina.core.StandardService - Starting service [Tomcat]
2026-07-29 01:56:39.601 INFO  [main] o.a.catalina.core.StandardEngine - Starting Servlet engine: [Apache Tomcat/10.1.20]
2026-07-29 01:56:39.697 INFO  [main] o.a.c.c.C.[Tomcat].[localhost].[/] - Initializing Spring embedded WebApplicationContext
2026-07-29 01:56:39.698 INFO  [main] o.s.b.w.s.c.ServletWebServerApplicationContext - Root WebApplicationContext: initialization completed in 12613 ms
2026-07-29 01:56:41.366 INFO  [main] com.zaxxer.hikari.HikariDataSource - RetailZW-HikariPool - Starting...
2026-07-29 01:56:42.094 INFO  [main] com.zaxxer.hikari.pool.HikariPool - RetailZW-HikariPool - Added connection com.mysql.cj.jdbc.ConnectionImpl@a0e33db
2026-07-29 01:56:42.096 INFO  [main] com.zaxxer.hikari.HikariDataSource - RetailZW-HikariPool - Start completed.
2026-07-29 01:56:42.498 INFO  [main] o.f.c.i.license.VersionPrinter - Flyway Community Edition 9.22.3 by Redgate
2026-07-29 01:56:42.500 INFO  [main] o.f.c.i.license.VersionPrinter - See release notes here: https://rd.gt/416ObMi
2026-07-29 01:56:42.502 INFO  [main] o.f.c.i.license.VersionPrinter - 
2026-07-29 01:56:42.559 INFO  [main] org.flywaydb.core.FlywayExecutor - Database: jdbc:mysql://localhost:3306/retail_zw (MySQL 8.0)
2026-07-29 01:56:42.705 INFO  [main] o.f.core.internal.command.DbValidate - Successfully validated 43 migrations (execution time 00:00.109s)
2026-07-29 01:56:42.724 INFO  [main] o.f.core.internal.command.DbMigrate - Current version of schema `retail_zw`: 43
2026-07-29 01:56:42.728 INFO  [main] o.f.core.internal.command.DbMigrate - Schema `retail_zw` is up to date. No migration necessary.
2026-07-29 01:56:43.003 INFO  [main] o.h.jpa.internal.util.LogHelper - HHH000204: Processing PersistenceUnitInfo [name: default]
2026-07-29 01:56:43.165 INFO  [main] org.hibernate.Version - HHH000412: Hibernate ORM core version 6.4.4.Final
2026-07-29 01:56:43.270 INFO  [main] o.h.c.i.RegionFactoryInitiator - HHH000026: Second-level cache disabled
2026-07-29 01:56:43.874 INFO  [main] o.s.o.j.p.SpringPersistenceUnitInfo - No LoadTimeWeaver setup: ignoring JPA class transformer
2026-07-29 01:56:43.997 WARN  [main] org.hibernate.orm.deprecation - HHH90000025: MySQLDialect does not need to be specified explicitly using 'hibernate.dialect' (remove the property setting and it will be selected by default)
2026-07-29 01:56:53.375 INFO  [main] o.h.e.t.j.p.i.JtaPlatformInitiator - HHH000489: No JTA platform available (set 'hibernate.transaction.jta.platform' to enable JTA platform integration)
2026-07-29 01:56:54.048 INFO  [main] o.s.o.j.LocalContainerEntityManagerFactoryBean - Initialized JPA EntityManagerFactory for persistence unit 'default'
2026-07-29 01:56:55.688 INFO  [main] o.s.d.j.r.query.QueryEnhancerFactory - Hibernate is in classpath; If applicable, HQL parser will be used.
2026-07-29 01:57:00.301 INFO  [main] com.retailzw.service.EmailService - SMTP configured host=mail.retailzw.co.zw port=587 support=support@retailzw.co.zw billing=sales@retailzw.co.zw notifications=info@retailzw.co.zw
2026-07-29 01:57:09.419 INFO  [main] o.s.b.a.e.web.EndpointLinksResolver - Exposing 1 endpoint(s) beneath base path '/actuator'
2026-07-29 01:57:12.190 INFO  [main] o.s.b.w.e.tomcat.TomcatWebServer - Tomcat started on port 8080 (http) with context path ''
2026-07-29 01:57:12.233 INFO  [main] com.retailzw.RetailSaasApplication - Started RetailSaasApplication in 46.717 seconds (process running for 47.944)
2026-07-29 01:57:28.519 INFO  [http-nio-0.0.0.0-8080-exec-1] o.a.c.c.C.[Tomcat].[localhost].[/] - Initializing Spring DispatcherServlet 'dispatcherServlet'
2026-07-29 01:57:28.520 INFO  [http-nio-0.0.0.0-8080-exec-1] o.s.web.servlet.DispatcherServlet - Initializing Servlet 'dispatcherServlet'
2026-07-29 01:57:28.523 INFO  [http-nio-0.0.0.0-8080-exec-1] o.s.web.servlet.DispatcherServlet - Completed initialization in 3 ms
2026-07-29 01:57:28.845 INFO  [http-nio-0.0.0.0-8080-exec-1] c.r.config.RequestLoggingFilter - HTTP GET /actuator/health -> 200 (289 ms) client=0:0:0:0:0:0:0:1 requestId=e88162c7
2026-07-29 01:57:41.198 INFO  [http-nio-0.0.0.0-8080-exec-4] c.r.config.RequestLoggingFilter - HTTP GET /auth/shop/login -> 200 (786 ms) client=0:0:0:0:0:0:0:1 requestId=4fcf9645
2026-07-29 01:58:40.389 INFO  [http-nio-0.0.0.0-8080-exec-7] c.r.config.RequestLoggingFilter - HTTP GET /auth/shop/login -> 200 (4 ms) client=0:0:0:0:0:0:0:1 requestId=2455499e
2026-07-29 01:59:40.364 INFO  [http-nio-0.0.0.0-8080-exec-9] c.r.config.RequestLoggingFilter - HTTP GET /auth/shop/login -> 200 (3 ms) client=0:0:0:0:0:0:0:1 requestId=bb7685b4
