2026-06-09 01:11:14.188 INFO  [main] com.retailzw.RetailSaasApplication - Starting RetailSaasApplication using Java 17.0.12 with PID 40096 (C:\Users\talen\OneDrive\Desktop\JAVA PROJECTS\retail_software\backend\target\classes started by talen in C:\Users\talen\OneDrive\Desktop\JAVA PROJECTS\retail_software\backend)
2026-06-09 01:11:14.209 INFO  [main] com.retailzw.RetailSaasApplication - No active profile set, falling back to 1 default profile: "default"
2026-06-09 01:11:28.446 INFO  [main] o.s.d.r.config.RepositoryConfigurationDelegate - Bootstrapping Spring Data JPA repositories in DEFAULT mode.
2026-06-09 01:11:30.706 INFO  [main] o.s.d.r.config.RepositoryConfigurationDelegate - Finished Spring Data repository scanning in 1641 ms. Found 46 JPA repository interfaces.
2026-06-09 01:11:51.568 INFO  [main] o.s.boot.web.embedded.tomcat.TomcatWebServer - Tomcat initialized with port 8080 (http)
2026-06-09 01:11:53.211 INFO  [main] org.apache.catalina.core.StandardService - Starting service [Tomcat]
2026-06-09 01:11:53.212 INFO  [main] org.apache.catalina.core.StandardEngine - Starting Servlet engine: [Apache Tomcat/10.1.20]
2026-06-09 01:11:53.432 INFO  [main] o.a.c.core.ContainerBase.[Tomcat].[localhost].[/] - Initializing Spring embedded WebApplicationContext
2026-06-09 01:11:53.433 INFO  [main] o.s.b.w.s.c.ServletWebServerApplicationContext - Root WebApplicationContext: initialization completed in 38776 ms
2026-06-09 01:11:54.184 INFO  [main] com.zaxxer.hikari.HikariDataSource - RetailZW-HikariPool - Starting...
2026-06-09 01:11:54.708 INFO  [main] com.zaxxer.hikari.pool.HikariPool - RetailZW-HikariPool - Added connection com.mysql.cj.jdbc.ConnectionImpl@1f3c5308
2026-06-09 01:11:54.713 INFO  [main] com.zaxxer.hikari.HikariDataSource - RetailZW-HikariPool - Start completed.
2026-06-09 01:11:54.965 INFO  [main] org.flywaydb.core.internal.license.VersionPrinter - Flyway Community Edition 9.22.3 by Redgate
2026-06-09 01:11:54.966 INFO  [main] org.flywaydb.core.internal.license.VersionPrinter - See release notes here: https://rd.gt/416ObMi
2026-06-09 01:11:54.967 INFO  [main] org.flywaydb.core.internal.license.VersionPrinter - 
2026-06-09 01:11:55.039 INFO  [main] org.flywaydb.core.FlywayExecutor - Database: jdbc:mysql://localhost:3306/retail_zw (MySQL 8.0)
2026-06-09 01:11:55.247 INFO  [main] org.flywaydb.core.internal.command.DbValidate - Successfully validated 23 migrations (execution time 00:00.144s)
2026-06-09 01:11:55.282 INFO  [main] org.flywaydb.core.internal.command.DbMigrate - Current version of schema `retail_zw`: 23
2026-06-09 01:11:55.289 INFO  [main] org.flywaydb.core.internal.command.DbMigrate - Schema `retail_zw` is up to date. No migration necessary.
2026-06-09 01:11:55.503 INFO  [main] org.hibernate.jpa.internal.util.LogHelper - HHH000204: Processing PersistenceUnitInfo [name: default]
2026-06-09 01:11:55.677 INFO  [main] org.hibernate.Version - HHH000412: Hibernate ORM core version 6.4.4.Final
2026-06-09 01:11:55.783 INFO  [main] o.hibernate.cache.internal.RegionFactoryInitiator - HHH000026: Second-level cache disabled
2026-06-09 01:11:56.394 INFO  [main] o.s.o.j.persistenceunit.SpringPersistenceUnitInfo - No LoadTimeWeaver setup: ignoring JPA class transformer
2026-06-09 01:11:56.496 WARN  [main] org.hibernate.orm.deprecation - HHH90000025: MySQLDialect does not need to be specified explicitly using 'hibernate.dialect' (remove the property setting and it will be selected by default)
2026-06-09 01:12:01.716 INFO  [main] o.h.e.t.jta.platform.internal.JtaPlatformInitiator - HHH000489: No JTA platform available (set 'hibernate.transaction.jta.platform' to enable JTA platform integration)
2026-06-09 01:12:03.364 INFO  [main] o.s.orm.jpa.LocalContainerEntityManagerFactoryBean - Initialized JPA EntityManagerFactory for persistence unit 'default'
2026-06-09 01:12:09.274 INFO  [main] o.s.data.jpa.repository.query.QueryEnhancerFactory - Hibernate is in classpath; If applicable, HQL parser will be used.
2026-06-09 01:12:20.526 INFO  [main] o.s.b.actuate.endpoint.web.EndpointLinksResolver - Exposing 1 endpoint(s) beneath base path '/actuator'
2026-06-09 01:12:22.447 INFO  [main] o.s.boot.web.embedded.tomcat.TomcatWebServer - Tomcat started on port 8080 (http) with context path ''
2026-06-09 01:12:22.486 INFO  [main] com.retailzw.RetailSaasApplication - Started RetailSaasApplication in 71.543 seconds (process running for 82.884)
2026-06-09 01:12:23.172 INFO  [http-nio-8080-exec-1] o.a.c.core.ContainerBase.[Tomcat].[localhost].[/] - Initializing Spring DispatcherServlet 'dispatcherServlet'
2026-06-09 01:12:23.172 INFO  [http-nio-8080-exec-1] org.springframework.web.servlet.DispatcherServlet - Initializing Servlet 'dispatcherServlet'
2026-06-09 01:12:23.177 INFO  [http-nio-8080-exec-1] org.springframework.web.servlet.DispatcherServlet - Completed initialization in 3 ms
2026-06-09 01:12:23.266 WARN  [http-nio-8080-exec-1] com.retailzw.config.RequestLoggingFilter - HTTP GET /login -> 404 (23 ms) client=0:0:0:0:0:0:0:1 requestId=99d52e24
2026-06-09 01:12:28.711 WARN  [http-nio-8080-exec-7] org.apache.catalina.util.SessionIdGeneratorBase - Creation of SecureRandom instance for session ID generation using [SHA1PRNG] took [398] milliseconds.
2026-06-09 01:12:28.802 INFO  [http-nio-8080-exec-6] com.retailzw.config.RequestLoggingFilter - HTTP GET /auth/shop/login -> 200 (51 ms) client=0:0:0:0:0:0:0:1 requestId=bc88e21c
2026-06-09 01:12:34.664 INFO  [http-nio-8080-exec-3] com.retailzw.config.RequestLoggingFilter - HTTP GET /auth/shop/forgot -> 200 (34 ms) client=0:0:0:0:0:0:0:1 requestId=ee05414d
2026-06-09 01:12:54.354 INFO  [http-nio-8080-exec-4] com.retailzw.service.EmailService - Email sent from=support@retailzw.co.zw to=talentchigwagwa@gmail.com subject=Reset your RetailZW password
2026-06-09 01:12:54.355 INFO  [http-nio-8080-exec-4] com.retailzw.service.PasswordResetService - Shop password reset email sent for userId=7 email=talentchigwagwa@gmail.com
2026-06-09 01:12:54.449 INFO  [http-nio-8080-exec-4] com.retailzw.config.RequestLoggingFilter - HTTP POST /auth/shop/forgot -> 302 (17359 ms) client=0:0:0:0:0:0:0:1 requestId=a7417a6c
2026-06-09 01:12:54.475 INFO  [http-nio-8080-exec-5] com.retailzw.config.RequestLoggingFilter - HTTP GET /auth/shop/forgot -> 200 (8 ms) client=0:0:0:0:0:0:0:1 requestId=3f1adfaa
2026-06-09 01:17:00.093 INFO  [http-nio-8080-exec-8] com.retailzw.config.RequestLoggingFilter - HTTP GET /auth/shop/reset -> 200 (99 ms) client=0:0:0:0:0:0:0:1 requestId=7dae62d1
2026-06-09 01:17:16.272 INFO  [http-nio-8080-exec-9] com.retailzw.config.RequestLoggingFilter - HTTP POST /auth/shop/reset -> 302 (1241 ms) client=0:0:0:0:0:0:0:1 requestId=e39da6ba
2026-06-09 01:17:16.303 INFO  [http-nio-8080-exec-1] com.retailzw.config.RequestLoggingFilter - HTTP GET /auth/shop/login -> 200 (15 ms) client=0:0:0:0:0:0:0:1 requestId=da874838
2026-06-09 01:17:29.337 INFO  [http-nio-8080-exec-3] com.retailzw.config.RequestLoggingFilter - HTTP GET /auth/shop/login -> 200 (14 ms) client=0:0:0:0:0:0:0:1 requestId=579d4dc6
2026-06-09 01:17:43.724 INFO  [http-nio-8080-exec-5] com.retailzw.config.RequestLoggingFilter - HTTP GET /auth/shop/login -> 200 (10 ms) client=0:0:0:0:0:0:0:1 requestId=2edefcc7
2026-06-09 01:19:27.919 INFO  [http-nio-8080-exec-10] com.retailzw.service.EmailService - Email sent from=support@retailzw.co.zw to=talentchigwagwa@gmail.com subject=Reset your RetailZW password
2026-06-09 01:19:27.921 INFO  [http-nio-8080-exec-10] com.retailzw.service.PasswordResetService - Shop password reset email sent for userId=7 email=talentchigwagwa@gmail.com
2026-06-09 01:19:27.930 INFO  [http-nio-8080-exec-10] com.retailzw.config.RequestLoggingFilter - HTTP POST /auth/shop/forgot -> 302 (8971 ms) client=0:0:0:0:0:0:0:1 requestId=4b1baea3
2026-06-09 01:19:27.957 INFO  [http-nio-8080-exec-8] com.retailzw.config.RequestLoggingFilter - HTTP GET /auth/shop/forgot -> 200 (8 ms) client=0:0:0:0:0:0:0:1 requestId=b23e24ad
2026-06-09 01:24:07.955 WARN  [http-nio-8080-exec-3] org.hibernate.orm.query - HHH90003004: firstResult/maxResults specified with collection fetch; applying in memory
2026-06-09 01:24:08.996 INFO  [http-nio-8080-exec-3] com.retailzw.config.RequestLoggingFilter - HTTP GET /shop/dashboard -> 200 (1802 ms) client=0:0:0:0:0:0:0:1 requestId=fe26499c
2026-06-09 01:24:11.213 INFO  [http-nio-8080-exec-4] com.retailzw.config.RequestLoggingFilter - HTTP GET /shop/support/chat/feed -> 200 (1821 ms) client=0:0:0:0:0:0:0:1 requestId=5d2870f6
2026-06-09 01:24:12.951 INFO  [http-nio-8080-exec-5] com.retailzw.config.RequestLoggingFilter - HTTP GET /shop/support/chat/feed -> 200 (72 ms) client=0:0:0:0:0:0:0:1 requestId=3ee9d80f
2026-06-09 01:24:16.403 INFO  [http-nio-8080-exec-6] com.retailzw.config.RequestLoggingFilter - HTTP GET /shop/support/chat/feed -> 200 (40 ms) client=0:0:0:0:0:0:0:1 requestId=17da51ec
2026-06-09 01:24:19.961 INFO  [http-nio-8080-exec-7] com.retailzw.config.RequestLoggingFilter - HTTP GET /shop/support/chat/feed -> 200 (87 ms) client=0:0:0:0:0:0:0:1 requestId=348a14dc
2026-06-09 01:24:22.826 WARN  [http-nio-8080-exec-10] org.hibernate.orm.query - HHH90003004: firstResult/maxResults specified with collection fetch; applying in memory
2026-06-09 01:24:23.341 INFO  [http-nio-8080-exec-10] com.retailzw.config.RequestLoggingFilter - HTTP GET /shop/notifications -> 200 (859 ms) client=0:0:0:0:0:0:0:1 requestId=ddbaec86
2026-06-09 01:24:23.649 INFO  [http-nio-8080-exec-8] com.retailzw.config.RequestLoggingFilter - HTTP GET /shop/support/chat/feed -> 200 (148 ms) client=0:0:0:0:0:0:0:1 requestId=029f05bf
2026-06-09 01:24:23.841 INFO  [http-nio-8080-exec-9] com.retailzw.config.RequestLoggingFilter - HTTP GET /shop/support/chat/feed -> 200 (135 ms) client=0:0:0:0:0:0:0:1 requestId=c11f161c
2026-06-09 01:24:27.060 INFO  [http-nio-8080-exec-1] com.retailzw.config.RequestLoggingFilter - HTTP GET /shop/support/chat/feed -> 200 (90 ms) client=0:0:0:0:0:0:0:1 requestId=a1350851
2026-06-09 01:24:27.130 INFO  [http-nio-8080-exec-2] com.retailzw.config.RequestLoggingFilter - HTTP GET /shop/support/chat/feed -> 200 (61 ms) client=0:0:0:0:0:0:0:1 requestId=d696ed28
2026-06-09 01:24:30.526 INFO  [http-nio-8080-exec-3] com.retailzw.config.RequestLoggingFilter - HTTP GET /shop/support/chat/feed -> 200 (56 ms) client=0:0:0:0:0:0:0:1 requestId=ba696d8c
2026-06-09 01:24:30.579 INFO  [http-nio-8080-exec-4] com.retailzw.config.RequestLoggingFilter - HTTP GET /shop/support/chat/feed -> 200 (43 ms) client=0:0:0:0:0:0:0:1 requestId=ca6e3ad1
2026-06-09 01:24:34.069 INFO  [http-nio-8080-exec-5] com.retailzw.config.RequestLoggingFilter - HTTP GET /shop/support/chat/feed -> 200 (92 ms) client=0:0:0:0:0:0:0:1 requestId=89fe58a2
2026-06-09 01:24:34.164 INFO  [http-nio-8080-exec-6] com.retailzw.config.RequestLoggingFilter - HTTP GET /shop/support/chat/feed -> 200 (82 ms) client=0:0:0:0:0:0:0:1 requestId=a26460e9
2026-06-09 01:24:36.121 INFO  [http-nio-8080-exec-7] com.retailzw.config.RequestLoggingFilter - HTTP POST /shop/support/chat -> 302 (78 ms) client=0:0:0:0:0:0:0:1 requestId=dcb8f0a0
2026-06-09 01:24:36.393 WARN  [http-nio-8080-exec-10] org.hibernate.orm.query - HHH90003004: firstResult/maxResults specified with collection fetch; applying in memory
2026-06-09 01:24:36.630 INFO  [http-nio-8080-exec-10] com.retailzw.config.RequestLoggingFilter - HTTP GET /shop/notifications -> 200 (473 ms) client=0:0:0:0:0:0:0:1 requestId=b293788a
2026-06-09 01:24:36.858 INFO  [http-nio-8080-exec-8] com.retailzw.config.RequestLoggingFilter - HTTP GET /shop/support/chat/feed -> 200 (70 ms) client=0:0:0:0:0:0:0:1 requestId=ec4a8d6d
2026-06-09 01:24:37.056 INFO  [http-nio-8080-exec-9] com.retailzw.config.RequestLoggingFilter - HTTP GET /shop/support/chat/feed -> 200 (192 ms) client=0:0:0:0:0:0:0:1 requestId=a1b3b72b
2026-06-09 01:24:40.343 INFO  [http-nio-8080-exec-1] com.retailzw.config.RequestLoggingFilter - HTTP GET /shop/support/chat/feed -> 200 (60 ms) client=0:0:0:0:0:0:0:1 requestId=a1d3268e
2026-06-09 01:24:40.482 INFO  [http-nio-8080-exec-2] com.retailzw.config.RequestLoggingFilter - HTTP GET /shop/support/chat/feed -> 200 (105 ms) client=0:0:0:0:0:0:0:1 requestId=fd1407bb
2026-06-09 01:24:44.006 INFO  [http-nio-8080-exec-3] com.retailzw.config.RequestLoggingFilter - HTTP GET /shop/support/chat/feed -> 200 (39 ms) client=0:0:0:0:0:0:0:1 requestId=3d6a9d69
2026-06-09 01:24:44.065 INFO  [http-nio-8080-exec-4] com.retailzw.config.RequestLoggingFilter - HTTP GET /shop/support/chat/feed -> 200 (51 ms) client=0:0:0:0:0:0:0:1 requestId=907d9266
2026-06-09 01:24:47.362 INFO  [http-nio-8080-exec-5] com.retailzw.config.RequestLoggingFilter - HTTP GET /shop/support/chat/feed -> 200 (45 ms) client=0:0:0:0:0:0:0:1 requestId=76454304
2026-06-09 01:24:47.408 INFO  [http-nio-8080-exec-6] com.retailzw.config.RequestLoggingFilter - HTTP GET /shop/support/chat/feed -> 200 (29 ms) client=0:0:0:0:0:0:0:1 requestId=ae00b9e0
2026-06-09 01:24:51.015 INFO  [http-nio-8080-exec-7] com.retailzw.config.RequestLoggingFilter - HTTP GET /shop/support/chat/feed -> 200 (41 ms) client=0:0:0:0:0:0:0:1 requestId=47a7cb82
2026-06-09 01:24:51.067 INFO  [http-nio-8080-exec-10] com.retailzw.config.RequestLoggingFilter - HTTP GET /shop/support/chat/feed -> 200 (47 ms) client=0:0:0:0:0:0:0:1 requestId=83a539fe
2026-06-09 01:24:55.218 INFO  [http-nio-8080-exec-8] com.retailzw.config.RequestLoggingFilter - HTTP GET /shop/support/chat/feed -> 200 (33 ms) client=0:0:0:0:0:0:0:1 requestId=b09681a6
2026-06-09 01:24:55.271 INFO  [http-nio-8080-exec-9] com.retailzw.config.RequestLoggingFilter - HTTP GET /shop/support/chat/feed -> 200 (32 ms) client=0:0:0:0:0:0:0:1 requestId=0bb57208
2026-06-09 01:24:58.691 INFO  [http-nio-8080-exec-1] com.retailzw.config.RequestLoggingFilter - HTTP GET /shop/support/chat/feed -> 200 (53 ms) client=0:0:0:0:0:0:0:1 requestId=eb217799
2026-06-09 01:24:58.800 INFO  [http-nio-8080-exec-2] com.retailzw.config.RequestLoggingFilter - HTTP GET /shop/support/chat/feed -> 200 (94 ms) client=0:0:0:0:0:0:0:1 requestId=298fa16a
2026-06-09 01:25:02.385 INFO  [http-nio-8080-exec-3] com.retailzw.config.RequestLoggingFilter - HTTP GET /shop/support/chat/feed -> 200 (48 ms) client=0:0:0:0:0:0:0:1 requestId=b846b1cb
2026-06-09 01:25:02.456 INFO  [http-nio-8080-exec-4] com.retailzw.config.RequestLoggingFilter - HTTP GET /shop/support/chat/feed -> 200 (63 ms) client=0:0:0:0:0:0:0:1 requestId=189e0529
2026-06-09 01:25:09.589 INFO  [http-nio-8080-exec-5] com.retailzw.config.RequestLoggingFilter - HTTP GET /shop/support/chat/feed -> 200 (35 ms) client=0:0:0:0:0:0:0:1 requestId=67f34399
2026-06-09 01:25:09.633 INFO  [http-nio-8080-exec-6] com.retailzw.config.RequestLoggingFilter - HTTP GET /shop/support/chat/feed -> 200 (35 ms) client=0:0:0:0:0:0:0:1 requestId=389e5685
2026-06-09 01:25:09.706 INFO  [http-nio-8080-exec-7] com.retailzw.config.RequestLoggingFilter - HTTP GET /shop/support/chat/feed -> 200 (65 ms) client=0:0:0:0:0:0:0:1 requestId=56915046
2026-06-09 01:25:09.991 INFO  [http-nio-8080-exec-10] com.retailzw.config.RequestLoggingFilter - HTTP GET /shop/support/chat/feed -> 200 (48 ms) client=0:0:0:0:0:0:0:1 requestId=96d6a72a
2026-06-09 01:25:12.252 INFO  [http-nio-8080-exec-8] com.retailzw.config.RequestLoggingFilter - HTTP GET /shop/support/chat/feed -> 200 (91 ms) client=0:0:0:0:0:0:0:1 requestId=f913688d
2026-06-09 01:25:12.310 INFO  [http-nio-8080-exec-9] com.retailzw.config.RequestLoggingFilter - HTTP GET /shop/support/chat/feed -> 200 (46 ms) client=0:0:0:0:0:0:0:1 requestId=5a470c1f
2026-06-09 01:25:15.318 INFO  [http-nio-8080-exec-1] com.retailzw.config.RequestLoggingFilter - HTTP GET /shop/support/chat/feed -> 200 (45 ms) client=0:0:0:0:0:0:0:1 requestId=f5a2b1f5
2026-06-09 01:25:15.370 INFO  [http-nio-8080-exec-2] com.retailzw.config.RequestLoggingFilter - HTTP GET /shop/support/chat/feed -> 200 (44 ms) client=0:0:0:0:0:0:0:1 requestId=a0708053
2026-06-09 01:25:16.152 WARN  [http-nio-8080-exec-3] org.hibernate.orm.query - HHH90003004: firstResult/maxResults specified with collection fetch; applying in memory
2026-06-09 01:25:16.678 INFO  [http-nio-8080-exec-3] com.retailzw.config.RequestLoggingFilter - HTTP GET /shop/products -> 200 (795 ms) client=0:0:0:0:0:0:0:1 requestId=15bb4d90
2026-06-09 01:25:16.828 INFO  [http-nio-8080-exec-4] com.retailzw.config.RequestLoggingFilter - HTTP GET /shop/support/chat/feed -> 200 (28 ms) client=0:0:0:0:0:0:0:1 requestId=aed2ab94
2026-06-09 01:25:20.355 INFO  [http-nio-8080-exec-5] com.retailzw.config.RequestLoggingFilter - HTTP GET /shop/support/chat/feed -> 200 (46 ms) client=0:0:0:0:0:0:0:1 requestId=bd7b8509
2026-06-09 01:25:21.566 WARN  [http-nio-8080-exec-6] org.hibernate.orm.query - HHH90003004: firstResult/maxResults specified with collection fetch; applying in memory
2026-06-09 01:25:22.333 INFO  [http-nio-8080-exec-6] com.retailzw.config.RequestLoggingFilter - HTTP GET /shop/categories -> 200 (919 ms) client=0:0:0:0:0:0:0:1 requestId=531c4c46
2026-06-09 01:25:22.542 INFO  [http-nio-8080-exec-7] com.retailzw.config.RequestLoggingFilter - HTTP GET /shop/support/chat/feed -> 200 (76 ms) client=0:0:0:0:0:0:0:1 requestId=a53b5047
2026-06-09 01:25:26.011 INFO  [http-nio-8080-exec-10] com.retailzw.config.RequestLoggingFilter - HTTP GET /shop/support/chat/feed -> 200 (49 ms) client=0:0:0:0:0:0:0:1 requestId=73199536
2026-06-09 01:25:26.574 WARN  [http-nio-8080-exec-8] org.hibernate.orm.query - HHH90003004: firstResult/maxResults specified with collection fetch; applying in memory
2026-06-09 01:25:26.782 INFO  [http-nio-8080-exec-8] com.retailzw.config.RequestLoggingFilter - HTTP GET /shop/inventory -> 200 (354 ms) client=0:0:0:0:0:0:0:1 requestId=a0847062
2026-06-09 01:25:27.024 INFO  [http-nio-8080-exec-9] com.retailzw.config.RequestLoggingFilter - HTTP GET /shop/support/chat/feed -> 200 (87 ms) client=0:0:0:0:0:0:0:1 requestId=9b3e3f23
2026-06-09 01:25:30.447 INFO  [http-nio-8080-exec-1] com.retailzw.config.RequestLoggingFilter - HTTP GET /shop/support/chat/feed -> 200 (34 ms) client=0:0:0:0:0:0:0:1 requestId=95a1e41a
2026-06-09 01:25:33.953 INFO  [http-nio-8080-exec-2] com.retailzw.config.RequestLoggingFilter - HTTP GET /shop/support/chat/feed -> 200 (31 ms) client=0:0:0:0:0:0:0:1 requestId=9275c0a7
2026-06-09 01:25:34.992 WARN  [http-nio-8080-exec-3] org.hibernate.orm.query - HHH90003004: firstResult/maxResults specified with collection fetch; applying in memory
2026-06-09 01:25:35.108 INFO  [http-nio-8080-exec-3] com.retailzw.config.RequestLoggingFilter - HTTP GET /shop/audit -> 200 (315 ms) client=0:0:0:0:0:0:0:1 requestId=d9a96ca3
2026-06-09 01:25:35.254 INFO  [http-nio-8080-exec-4] com.retailzw.config.RequestLoggingFilter - HTTP GET /shop/support/chat/feed -> 200 (31 ms) client=0:0:0:0:0:0:0:1 requestId=4b4f4018
2026-06-09 01:25:38.770 INFO  [http-nio-8080-exec-5] com.retailzw.config.RequestLoggingFilter - HTTP GET /shop/support/chat/feed -> 200 (41 ms) client=0:0:0:0:0:0:0:1 requestId=c5abf084
2026-06-09 01:25:42.284 INFO  [http-nio-8080-exec-6] com.retailzw.config.RequestLoggingFilter - HTTP GET /shop/support/chat/feed -> 200 (54 ms) client=0:0:0:0:0:0:0:1 requestId=c57e0340
2026-06-09 01:25:44.438 WARN  [http-nio-8080-exec-7] org.hibernate.orm.query - HHH90003004: firstResult/maxResults specified with collection fetch; applying in memory
2026-06-09 01:25:44.474 INFO  [http-nio-8080-exec-7] com.retailzw.config.RequestLoggingFilter - HTTP GET /shop/dashboard -> 200 (103 ms) client=0:0:0:0:0:0:0:1 requestId=c8bb9ac2
2026-06-09 01:25:44.621 INFO  [http-nio-8080-exec-10] com.retailzw.config.RequestLoggingFilter - HTTP GET /shop/support/chat/feed -> 200 (29 ms) client=0:0:0:0:0:0:0:1 requestId=5abb07e7
2026-06-09 01:25:48.140 INFO  [http-nio-8080-exec-8] com.retailzw.config.RequestLoggingFilter - HTTP GET /shop/support/chat/feed -> 200 (48 ms) client=0:0:0:0:0:0:0:1 requestId=f9716fa5
2026-06-09 01:25:48.849 WARN  [http-nio-8080-exec-9] org.hibernate.orm.query - HHH90003004: firstResult/maxResults specified with collection fetch; applying in memory
2026-06-09 01:25:49.008 INFO  [http-nio-8080-exec-9] com.retailzw.config.RequestLoggingFilter - HTTP GET /shop/products -> 200 (372 ms) client=0:0:0:0:0:0:0:1 requestId=293ac0cc
2026-06-09 01:25:49.159 INFO  [http-nio-8080-exec-1] com.retailzw.config.RequestLoggingFilter - HTTP GET /shop/support/chat/feed -> 200 (29 ms) client=0:0:0:0:0:0:0:1 requestId=8de5865b
2026-06-09 01:25:52.678 INFO  [http-nio-8080-exec-2] com.retailzw.config.RequestLoggingFilter - HTTP GET /shop/support/chat/feed -> 200 (43 ms) client=0:0:0:0:0:0:0:1 requestId=406035b8
2026-06-09 01:25:56.166 INFO  [http-nio-8080-exec-3] com.retailzw.config.RequestLoggingFilter - HTTP GET /shop/support/chat/feed -> 200 (32 ms) client=0:0:0:0:0:0:0:1 requestId=2d98317e
2026-06-09 01:25:59.675 INFO  [http-nio-8080-exec-4] com.retailzw.config.RequestLoggingFilter - HTTP GET /shop/support/chat/feed -> 200 (31 ms) client=0:0:0:0:0:0:0:1 requestId=5a7a294d
2026-06-09 01:26:04.653 INFO  [http-nio-8080-exec-5] com.retailzw.config.RequestLoggingFilter - HTTP GET /shop/support/chat/feed -> 200 (120 ms) client=0:0:0:0:0:0:0:1 requestId=2c653f92
2026-06-09 01:26:09.265 INFO  [http-nio-8080-exec-6] com.retailzw.config.RequestLoggingFilter - HTTP GET /shop/support/chat/feed -> 200 (31 ms) client=0:0:0:0:0:0:0:1 requestId=8f54931d
2026-06-09 01:26:12.352 INFO  [http-nio-8080-exec-7] com.retailzw.config.RequestLoggingFilter - HTTP GET /shop/support/chat/feed -> 200 (34 ms) client=0:0:0:0:0:0:0:1 requestId=765446ef
2026-06-09 01:26:13.748 INFO  [http-nio-8080-exec-10] com.retailzw.config.RequestLoggingFilter - HTTP GET /shop/support/chat/feed -> 200 (39 ms) client=0:0:0:0:0:0:0:1 requestId=2896e772
2026-06-09 01:26:18.670 INFO  [http-nio-8080-exec-9] com.retailzw.config.RequestLoggingFilter - HTTP GET /shop/support/chat/feed -> 200 (41 ms) client=0:0:0:0:0:0:0:1 requestId=f7fa3597
2026-06-09 01:26:21.009 INFO  [http-nio-8080-exec-1] com.retailzw.config.RequestLoggingFilter - HTTP GET /shop/support/chat/feed -> 200 (44 ms) client=0:0:0:0:0:0:0:1 requestId=f96a8a3a
2026-06-09 01:26:25.214 INFO  [http-nio-8080-exec-2] com.retailzw.config.RequestLoggingFilter - HTTP GET /shop/support/chat/feed -> 200 (31 ms) client=0:0:0:0:0:0:0:1 requestId=286a047f
2026-06-09 01:26:28.608 INFO  [http-nio-8080-exec-3] com.retailzw.config.RequestLoggingFilter - HTTP GET /shop/support/chat/feed -> 200 (32 ms) client=0:0:0:0:0:0:0:1 requestId=fe511737
2026-06-09 01:26:32.022 INFO  [http-nio-8080-exec-4] com.retailzw.config.RequestLoggingFilter - HTTP GET /shop/support/chat/feed -> 200 (41 ms) client=0:0:0:0:0:0:0:1 requestId=ffdaa0b2
2026-06-09 01:26:34.983 INFO  [http-nio-8080-exec-5] com.retailzw.config.RequestLoggingFilter - HTTP GET /shop/support/chat/feed -> 200 (30 ms) client=0:0:0:0:0:0:0:1 requestId=1eea4eee
2026-06-09 01:26:38.364 INFO  [http-nio-8080-exec-6] com.retailzw.config.RequestLoggingFilter - HTTP GET /shop/support/chat/feed -> 200 (36 ms) client=0:0:0:0:0:0:0:1 requestId=2492f83e
2026-06-09 01:26:42.000 INFO  [http-nio-8080-exec-7] com.retailzw.config.RequestLoggingFilter - HTTP GET /shop/support/chat/feed -> 200 (37 ms) client=0:0:0:0:0:0:0:1 requestId=b85725af
2026-06-09 01:26:46.324 INFO  [http-nio-8080-exec-10] com.retailzw.config.RequestLoggingFilter - HTTP GET /shop/support/chat/feed -> 200 (25 ms) client=0:0:0:0:0:0:0:1 requestId=654d843b
2026-06-09 01:26:49.058 INFO  [http-nio-8080-exec-8] com.retailzw.config.RequestLoggingFilter - HTTP GET /shop/support/chat/feed -> 200 (50 ms) client=0:0:0:0:0:0:0:1 requestId=a8540286
2026-06-09 01:26:57.102 INFO  [http-nio-8080-exec-9] com.retailzw.config.RequestLoggingFilter - HTTP GET /shop/support/chat/feed -> 200 (215 ms) client=0:0:0:0:0:0:0:1 requestId=77dfd817
2026-06-09 01:26:58.626 INFO  [http-nio-8080-exec-1] com.retailzw.config.RequestLoggingFilter - HTTP GET /shop/support/chat/feed -> 200 (55 ms) client=0:0:0:0:0:0:0:1 requestId=dcf735f8
2026-06-09 01:26:59.163 INFO  [http-nio-8080-exec-2] com.retailzw.config.RequestLoggingFilter - HTTP GET /shop/support/chat/feed -> 200 (37 ms) client=0:0:0:0:0:0:0:1 requestId=4c8acd2a
2026-06-09 01:26:59.967 WARN  [http-nio-8080-exec-3] org.hibernate.orm.query - HHH90003004: firstResult/maxResults specified with collection fetch; applying in memory
2026-06-09 01:27:00.024 INFO  [http-nio-8080-exec-3] com.retailzw.config.RequestLoggingFilter - HTTP GET /shop/dashboard -> 200 (122 ms) client=0:0:0:0:0:0:0:1 requestId=b5fd064b
2026-06-09 01:27:00.190 INFO  [http-nio-8080-exec-4] com.retailzw.config.RequestLoggingFilter - HTTP GET /shop/support/chat/feed -> 200 (49 ms) client=0:0:0:0:0:0:0:1 requestId=ff9fa4a7
2026-06-09 01:27:02.472 WARN  [http-nio-8080-exec-5] org.hibernate.orm.query - HHH90003004: firstResult/maxResults specified with collection fetch; applying in memory
2026-06-09 01:27:02.546 INFO  [http-nio-8080-exec-5] com.retailzw.config.RequestLoggingFilter - HTTP GET /shop/dashboard -> 200 (134 ms) client=0:0:0:0:0:0:0:1 requestId=b9ee50d5
2026-06-09 01:27:02.690 INFO  [http-nio-8080-exec-6] com.retailzw.config.RequestLoggingFilter - HTTP GET /shop/support/chat/feed -> 200 (27 ms) client=0:0:0:0:0:0:0:1 requestId=8a07b524
2026-06-09 01:27:06.196 INFO  [http-nio-8080-exec-7] com.retailzw.config.RequestLoggingFilter - HTTP GET /shop/support/chat/feed -> 200 (26 ms) client=0:0:0:0:0:0:0:1 requestId=071c02bd
2026-06-09 01:27:10.442 INFO  [http-nio-8080-exec-10] com.retailzw.config.RequestLoggingFilter - HTTP GET /shop/support/chat/feed -> 200 (28 ms) client=0:0:0:0:0:0:0:1 requestId=1ac437ab
2026-06-09 01:27:14.136 INFO  [http-nio-8080-exec-8] com.retailzw.config.RequestLoggingFilter - HTTP GET /shop/support/chat/feed -> 200 (36 ms) client=0:0:0:0:0:0:0:1 requestId=d2a2e1ff
2026-06-09 01:27:17.537 INFO  [http-nio-8080-exec-9] com.retailzw.config.RequestLoggingFilter - HTTP GET /shop/support/chat/feed -> 200 (25 ms) client=0:0:0:0:0:0:0:1 requestId=b264cd3f
2026-06-09 01:27:20.986 INFO  [http-nio-8080-exec-1] com.retailzw.config.RequestLoggingFilter - HTTP GET /shop/support/chat/feed -> 200 (24 ms) client=0:0:0:0:0:0:0:1 requestId=c7ff4ba3
2026-06-09 01:27:24.327 INFO  [http-nio-8080-exec-2] com.retailzw.config.RequestLoggingFilter - HTTP GET /shop/support/chat/feed -> 200 (43 ms) client=0:0:0:0:0:0:0:1 requestId=1223acdb
2026-06-09 01:27:28.150 INFO  [http-nio-8080-exec-3] com.retailzw.config.RequestLoggingFilter - HTTP GET /shop/support/chat/feed -> 200 (35 ms) client=0:0:0:0:0:0:0:1 requestId=544fcd83
2026-06-09 01:27:31.755 INFO  [http-nio-8080-exec-4] com.retailzw.config.RequestLoggingFilter - HTTP GET /shop/support/chat/feed -> 200 (29 ms) client=0:0:0:0:0:0:0:1 requestId=2d1ecfc6
2026-06-09 01:27:35.023 INFO  [http-nio-8080-exec-5] com.retailzw.config.RequestLoggingFilter - HTTP GET /shop/support/chat/feed -> 200 (28 ms) client=0:0:0:0:0:0:0:1 requestId=ae32094b
2026-06-09 01:27:38.099 INFO  [http-nio-8080-exec-6] com.retailzw.config.RequestLoggingFilter - HTTP GET /shop/support/chat/feed -> 200 (26 ms) client=0:0:0:0:0:0:0:1 requestId=6ad10140
2026-06-09 01:27:41.911 INFO  [http-nio-8080-exec-7] com.retailzw.config.RequestLoggingFilter - HTTP GET /shop/support/chat/feed -> 200 (32 ms) client=0:0:0:0:0:0:0:1 requestId=ab61c39f
2026-06-09 01:27:45.343 INFO  [http-nio-8080-exec-10] com.retailzw.config.RequestLoggingFilter - HTTP GET /shop/support/chat/feed -> 200 (26 ms) client=0:0:0:0:0:0:0:1 requestId=ecaf8bba
2026-06-09 01:27:48.847 INFO  [http-nio-8080-exec-8] com.retailzw.config.RequestLoggingFilter - HTTP GET /shop/support/chat/feed -> 200 (30 ms) client=0:0:0:0:0:0:0:1 requestId=056027a6
2026-06-09 01:27:51.712 INFO  [http-nio-8080-exec-9] com.retailzw.config.RequestLoggingFilter - HTTP GET /shop/support/chat/feed -> 200 (42 ms) client=0:0:0:0:0:0:0:1 requestId=b8aad830
2026-06-09 01:27:55.321 INFO  [http-nio-8080-exec-1] com.retailzw.config.RequestLoggingFilter - HTTP GET /shop/support/chat/feed -> 200 (144 ms) client=0:0:0:0:0:0:0:1 requestId=a81b03a6
2026-06-09 01:27:58.970 INFO  [http-nio-8080-exec-2] com.retailzw.config.RequestLoggingFilter - HTTP GET /shop/support/chat/feed -> 200 (46 ms) client=0:0:0:0:0:0:0:1 requestId=ad9d9c8b
2026-06-09 01:28:03.143 INFO  [http-nio-8080-exec-4] com.retailzw.config.RequestLoggingFilter - HTTP GET /shop/support/chat/feed -> 200 (30 ms) client=0:0:0:0:0:0:0:1 requestId=f43791c0
2026-06-09 01:28:06.567 INFO  [http-nio-8080-exec-5] com.retailzw.config.RequestLoggingFilter - HTTP GET /shop/support/chat/feed -> 200 (26 ms) client=0:0:0:0:0:0:0:1 requestId=8396d23a
2026-06-09 01:28:10.101 INFO  [http-nio-8080-exec-6] com.retailzw.config.RequestLoggingFilter - HTTP GET /shop/support/chat/feed -> 200 (32 ms) client=0:0:0:0:0:0:0:1 requestId=61db2f0e
2026-06-09 01:28:13.013 INFO  [http-nio-8080-exec-7] com.retailzw.config.RequestLoggingFilter - HTTP GET /shop/support/chat/feed -> 200 (47 ms) client=0:0:0:0:0:0:0:1 requestId=180f54ed
2026-06-09 01:28:17.421 INFO  [http-nio-8080-exec-10] com.retailzw.config.RequestLoggingFilter - HTTP GET /shop/support/chat/feed -> 200 (32 ms) client=0:0:0:0:0:0:0:1 requestId=c62e521d
2026-06-09 01:28:19.987 INFO  [http-nio-8080-exec-8] com.retailzw.config.RequestLoggingFilter - HTTP GET /shop/support/chat/feed -> 200 (42 ms) client=0:0:0:0:0:0:0:1 requestId=d9e2b968
2026-06-09 01:28:24.168 INFO  [http-nio-8080-exec-9] com.retailzw.config.RequestLoggingFilter - HTTP GET /shop/support/chat/feed -> 200 (31 ms) client=0:0:0:0:0:0:0:1 requestId=59448270
2026-06-09 01:28:26.934 INFO  [http-nio-8080-exec-1] com.retailzw.config.RequestLoggingFilter - HTTP GET /shop/support/chat/feed -> 200 (40 ms) client=0:0:0:0:0:0:0:1 requestId=102c0ed4
2026-06-09 01:28:31.686 INFO  [http-nio-8080-exec-2] com.retailzw.config.RequestLoggingFilter - HTTP GET /shop/support/chat/feed -> 200 (42 ms) client=0:0:0:0:0:0:0:1 requestId=b2af0323
2026-06-09 01:28:33.987 INFO  [http-nio-8080-exec-3] com.retailzw.config.RequestLoggingFilter - HTTP GET /shop/support/chat/feed -> 200 (30 ms) client=0:0:0:0:0:0:0:1 requestId=afc30621
2026-06-09 01:28:37.991 INFO  [http-nio-8080-exec-4] com.retailzw.config.RequestLoggingFilter - HTTP GET /shop/support/chat/feed -> 200 (40 ms) client=0:0:0:0:0:0:0:1 requestId=d0ab65ed
2026-06-09 01:28:41.027 INFO  [http-nio-8080-exec-5] com.retailzw.config.RequestLoggingFilter - HTTP GET /shop/support/chat/feed -> 200 (28 ms) client=0:0:0:0:0:0:0:1 requestId=0285e806
2026-06-09 01:28:44.344 INFO  [http-nio-8080-exec-6] com.retailzw.config.RequestLoggingFilter - HTTP GET /shop/support/chat/feed -> 200 (28 ms) client=0:0:0:0:0:0:0:1 requestId=68cc0669
2026-06-09 01:28:47.984 INFO  [http-nio-8080-exec-7] com.retailzw.config.RequestLoggingFilter - HTTP GET /shop/support/chat/feed -> 200 (38 ms) client=0:0:0:0:0:0:0:1 requestId=c6e413b6
2026-06-09 01:28:52.356 INFO  [http-nio-8080-exec-10] com.retailzw.config.RequestLoggingFilter - HTTP GET /shop/support/chat/feed -> 200 (31 ms) client=0:0:0:0:0:0:0:1 requestId=f8cbe472
2026-06-09 01:28:55.297 INFO  [http-nio-8080-exec-8] com.retailzw.config.RequestLoggingFilter - HTTP GET /shop/support/chat/feed -> 200 (46 ms) client=0:0:0:0:0:0:0:1 requestId=1a4b14ff
2026-06-09 01:28:58.982 INFO  [http-nio-8080-exec-9] com.retailzw.config.RequestLoggingFilter - HTTP GET /shop/support/chat/feed -> 200 (38 ms) client=0:0:0:0:0:0:0:1 requestId=2c32f2d1
2026-06-09 01:29:01.981 INFO  [http-nio-8080-exec-1] com.retailzw.config.RequestLoggingFilter - HTTP GET /shop/support/chat/feed -> 200 (37 ms) client=0:0:0:0:0:0:0:1 requestId=fbb4d58f
2026-06-09 01:29:30.981 INFO  [http-nio-8080-exec-2] com.retailzw.config.RequestLoggingFilter - HTTP GET /shop/support/chat/feed -> 200 (37 ms) client=0:0:0:0:0:0:0:1 requestId=96567972
2026-06-09 01:30:30.977 INFO  [http-nio-8080-exec-3] com.retailzw.config.RequestLoggingFilter - HTTP GET /shop/support/chat/feed -> 200 (33 ms) client=0:0:0:0:0:0:0:1 requestId=a137163d
2026-06-09 01:31:31.897 INFO  [http-nio-8080-exec-5] com.retailzw.config.RequestLoggingFilter - HTTP GET /shop/support/chat/feed -> 200 (27 ms) client=0:0:0:0:0:0:0:1 requestId=755e352b
2026-06-09 01:32:30.995 INFO  [http-nio-8080-exec-6] com.retailzw.config.RequestLoggingFilter - HTTP GET /shop/support/chat/feed -> 200 (41 ms) client=0:0:0:0:0:0:0:1 requestId=5fdeafc5
2026-06-09 01:33:31.023 INFO  [http-nio-8080-exec-7] com.retailzw.config.RequestLoggingFilter - HTTP GET /shop/support/chat/feed -> 200 (33 ms) client=0:0:0:0:0:0:0:1 requestId=8fbbf12f
2026-06-09 01:34:31.534 INFO  [http-nio-8080-exec-10] com.retailzw.config.RequestLoggingFilter - HTTP GET /shop/support/chat/feed -> 200 (31 ms) client=0:0:0:0:0:0:0:1 requestId=0a150be3
2026-06-09 01:35:31.467 INFO  [http-nio-8080-exec-8] com.retailzw.config.RequestLoggingFilter - HTTP GET /shop/support/chat/feed -> 200 (41 ms) client=0:0:0:0:0:0:0:1 requestId=02b2e3b3
2026-06-09 01:36:30.994 INFO  [http-nio-8080-exec-9] com.retailzw.config.RequestLoggingFilter - HTTP GET /shop/support/chat/feed -> 200 (37 ms) client=0:0:0:0:0:0:0:1 requestId=6eeafdfe
2026-06-09 01:37:30.979 INFO  [http-nio-8080-exec-1] com.retailzw.config.RequestLoggingFilter - HTTP GET /shop/support/chat/feed -> 200 (33 ms) client=0:0:0:0:0:0:0:1 requestId=e9979efe
2026-06-09 01:38:31.469 INFO  [http-nio-8080-exec-2] com.retailzw.config.RequestLoggingFilter - HTTP GET /shop/support/chat/feed -> 200 (30 ms) client=0:0:0:0:0:0:0:1 requestId=30a6f7ae
2026-06-09 01:39:30.972 INFO  [http-nio-8080-exec-3] com.retailzw.config.RequestLoggingFilter - HTTP GET /shop/support/chat/feed -> 200 (29 ms) client=0:0:0:0:0:0:0:1 requestId=b26aab17
2026-06-09 01:40:31.234 INFO  [http-nio-8080-exec-4] com.retailzw.config.RequestLoggingFilter - HTTP GET /shop/support/chat/feed -> 200 (29 ms) client=0:0:0:0:0:0:0:1 requestId=03c8590b
2026-06-09 01:41:31.501 INFO  [http-nio-8080-exec-5] com.retailzw.config.RequestLoggingFilter - HTTP GET /shop/support/chat/feed -> 200 (54 ms) client=0:0:0:0:0:0:0:1 requestId=2e2cda4e
2026-06-09 01:42:31.033 INFO  [http-nio-8080-exec-6] com.retailzw.config.RequestLoggingFilter - HTTP GET /shop/support/chat/feed -> 200 (37 ms) client=0:0:0:0:0:0:0:1 requestId=7abae74e
2026-06-09 01:43:31.577 INFO  [http-nio-8080-exec-7] com.retailzw.config.RequestLoggingFilter - HTTP GET /shop/support/chat/feed -> 200 (37 ms) client=0:0:0:0:0:0:0:1 requestId=f62add7b
2026-06-09 01:44:31.697 INFO  [http-nio-8080-exec-10] com.retailzw.config.RequestLoggingFilter - HTTP GET /shop/support/chat/feed -> 200 (36 ms) client=0:0:0:0:0:0:0:1 requestId=5b619c50
2026-06-09 01:45:31.088 INFO  [http-nio-8080-exec-8] com.retailzw.config.RequestLoggingFilter - HTTP GET /shop/support/chat/feed -> 200 (40 ms) client=0:0:0:0:0:0:0:1 requestId=fe833f58
2026-06-09 01:46:31.043 INFO  [http-nio-8080-exec-1] com.retailzw.config.RequestLoggingFilter - HTTP GET /shop/support/chat/feed -> 200 (40 ms) client=0:0:0:0:0:0:0:1 requestId=64a5501b
2026-06-09 01:47:31.620 INFO  [http-nio-8080-exec-2] com.retailzw.config.RequestLoggingFilter - HTTP GET /shop/support/chat/feed -> 200 (29 ms) client=0:0:0:0:0:0:0:1 requestId=0d5c193b
2026-06-09 01:48:32.463 INFO  [http-nio-8080-exec-4] com.retailzw.config.RequestLoggingFilter - HTTP GET /shop/support/chat/feed -> 200 (40 ms) client=0:0:0:0:0:0:0:1 requestId=5415f042
2026-06-09 01:49:31.581 INFO  [http-nio-8080-exec-5] com.retailzw.config.RequestLoggingFilter - HTTP GET /shop/support/chat/feed -> 200 (40 ms) client=0:0:0:0:0:0:0:1 requestId=262b54ca
2026-06-09 01:50:31.179 INFO  [http-nio-8080-exec-6] com.retailzw.config.RequestLoggingFilter - HTTP GET /shop/support/chat/feed -> 200 (78 ms) client=0:0:0:0:0:0:0:1 requestId=2bfbf734
2026-06-09 01:51:31.163 INFO  [http-nio-8080-exec-7] com.retailzw.config.RequestLoggingFilter - HTTP GET /shop/support/chat/feed -> 200 (33 ms) client=0:0:0:0:0:0:0:1 requestId=6ba0a0bc
2026-06-09 01:52:31.005 INFO  [http-nio-8080-exec-10] com.retailzw.config.RequestLoggingFilter - HTTP GET /shop/support/chat/feed -> 200 (33 ms) client=0:0:0:0:0:0:0:1 requestId=9c6aa32a
2026-06-09 01:53:31.018 INFO  [http-nio-8080-exec-8] com.retailzw.config.RequestLoggingFilter - HTTP GET /shop/support/chat/feed -> 200 (39 ms) client=0:0:0:0:0:0:0:1 requestId=6a58d879
2026-06-09 01:54:30.976 INFO  [http-nio-8080-exec-9] com.retailzw.config.RequestLoggingFilter - HTTP GET /shop/support/chat/feed -> 200 (29 ms) client=0:0:0:0:0:0:0:1 requestId=89c29e84
2026-06-09 01:55:30.975 INFO  [http-nio-8080-exec-1] com.retailzw.config.RequestLoggingFilter - HTTP GET /shop/support/chat/feed -> 200 (32 ms) client=0:0:0:0:0:0:0:1 requestId=d86ce5ef
2026-06-09 01:56:30.976 INFO  [http-nio-8080-exec-2] com.retailzw.config.RequestLoggingFilter - HTTP GET /shop/support/chat/feed -> 200 (33 ms) client=0:0:0:0:0:0:0:1 requestId=9e880cd9
2026-06-09 01:57:30.977 INFO  [http-nio-8080-exec-3] com.retailzw.config.RequestLoggingFilter - HTTP GET /shop/support/chat/feed -> 200 (35 ms) client=0:0:0:0:0:0:0:1 requestId=c6965669
2026-06-09 01:58:31.139 INFO  [http-nio-8080-exec-5] com.retailzw.config.RequestLoggingFilter - HTTP GET /shop/support/chat/feed -> 200 (28 ms) client=0:0:0:0:0:0:0:1 requestId=8bdf5653
2026-06-09 01:59:31.330 INFO  [http-nio-8080-exec-6] com.retailzw.config.RequestLoggingFilter - HTTP GET /shop/support/chat/feed -> 200 (28 ms) client=0:0:0:0:0:0:0:1 requestId=a01fba23
2026-06-09 02:00:30.979 INFO  [http-nio-8080-exec-7] com.retailzw.config.RequestLoggingFilter - HTTP GET /shop/support/chat/feed -> 200 (37 ms) client=0:0:0:0:0:0:0:1 requestId=2e666c24
2026-06-09 02:01:30.967 INFO  [http-nio-8080-exec-10] com.retailzw.config.RequestLoggingFilter - HTTP GET /shop/support/chat/feed -> 200 (23 ms) client=0:0:0:0:0:0:0:1 requestId=6adbe9a9
2026-06-09 02:02:31.051 INFO  [http-nio-8080-exec-8] com.retailzw.config.RequestLoggingFilter - HTTP GET /shop/support/chat/feed -> 200 (22 ms) client=0:0:0:0:0:0:0:1 requestId=bf5988e8
2026-06-09 02:03:30.969 INFO  [http-nio-8080-exec-9] com.retailzw.config.RequestLoggingFilter - HTTP GET /shop/support/chat/feed -> 200 (28 ms) client=0:0:0:0:0:0:0:1 requestId=5050e40d
2026-06-09 02:04:30.964 INFO  [http-nio-8080-exec-1] com.retailzw.config.RequestLoggingFilter - HTTP GET /shop/support/chat/feed -> 200 (23 ms) client=0:0:0:0:0:0:0:1 requestId=a56b7f1d
2026-06-09 02:05:31.339 INFO  [http-nio-8080-exec-2] com.retailzw.config.RequestLoggingFilter - HTTP GET /shop/support/chat/feed -> 200 (22 ms) client=0:0:0:0:0:0:0:1 requestId=6c77bfce
2026-06-09 02:06:30.963 INFO  [http-nio-8080-exec-3] com.retailzw.config.RequestLoggingFilter - HTTP GET /shop/support/chat/feed -> 200 (23 ms) client=0:0:0:0:0:0:0:1 requestId=80e194ae
2026-06-09 02:07:31.108 INFO  [http-nio-8080-exec-4] com.retailzw.config.RequestLoggingFilter - HTTP GET /shop/support/chat/feed -> 200 (19 ms) client=0:0:0:0:0:0:0:1 requestId=a6d6b088
2026-06-09 02:08:30.990 INFO  [http-nio-8080-exec-5] com.retailzw.config.RequestLoggingFilter - HTTP GET /shop/support/chat/feed -> 200 (29 ms) client=0:0:0:0:0:0:0:1 requestId=d78cfecb
2026-06-09 02:09:30.984 INFO  [http-nio-8080-exec-6] com.retailzw.config.RequestLoggingFilter - HTTP GET /shop/support/chat/feed -> 200 (28 ms) client=0:0:0:0:0:0:0:1 requestId=782c8eb6
2026-06-09 02:10:31.292 INFO  [http-nio-8080-exec-7] com.retailzw.config.RequestLoggingFilter - HTTP GET /shop/support/chat/feed -> 200 (23 ms) client=0:0:0:0:0:0:0:1 requestId=61fcec3a
2026-06-09 02:11:31.536 INFO  [http-nio-8080-exec-10] com.retailzw.config.RequestLoggingFilter - HTTP GET /shop/support/chat/feed -> 200 (23 ms) client=0:0:0:0:0:0:0:1 requestId=ac860b50
2026-06-09 02:12:30.979 INFO  [http-nio-8080-exec-8] com.retailzw.config.RequestLoggingFilter - HTTP GET /shop/support/chat/feed -> 200 (28 ms) client=0:0:0:0:0:0:0:1 requestId=a811c712
2026-06-09 02:13:30.970 INFO  [http-nio-8080-exec-9] com.retailzw.config.RequestLoggingFilter - HTTP GET /shop/support/chat/feed -> 200 (27 ms) client=0:0:0:0:0:0:0:1 requestId=c3ebdd82
2026-06-09 02:14:30.978 INFO  [http-nio-8080-exec-1] com.retailzw.config.RequestLoggingFilter - HTTP GET /shop/support/chat/feed -> 200 (30 ms) client=0:0:0:0:0:0:0:1 requestId=a49b2c33
2026-06-09 02:15:30.973 INFO  [http-nio-8080-exec-2] com.retailzw.config.RequestLoggingFilter - HTTP GET /shop/support/chat/feed -> 200 (31 ms) client=0:0:0:0:0:0:0:1 requestId=1847205f
2026-06-09 02:16:30.982 INFO  [http-nio-8080-exec-4] com.retailzw.config.RequestLoggingFilter - HTTP GET /shop/support/chat/feed -> 200 (28 ms) client=0:0:0:0:0:0:0:1 requestId=0e535870
2026-06-09 02:17:31.337 INFO  [http-nio-8080-exec-5] com.retailzw.config.RequestLoggingFilter - HTTP GET /shop/support/chat/feed -> 200 (21 ms) client=0:0:0:0:0:0:0:1 requestId=f3c33a0e
2026-06-09 02:18:31.050 INFO  [http-nio-8080-exec-6] com.retailzw.config.RequestLoggingFilter - HTTP GET /shop/support/chat/feed -> 200 (21 ms) client=0:0:0:0:0:0:0:1 requestId=ba1231a5
2026-06-09 02:19:30.971 INFO  [http-nio-8080-exec-7] com.retailzw.config.RequestLoggingFilter - HTTP GET /shop/support/chat/feed -> 200 (30 ms) client=0:0:0:0:0:0:0:1 requestId=2b7a3eac
2026-06-09 02:20:30.966 INFO  [http-nio-8080-exec-10] com.retailzw.config.RequestLoggingFilter - HTTP GET /shop/support/chat/feed -> 200 (27 ms) client=0:0:0:0:0:0:0:1 requestId=a0df1070
2026-06-09 02:21:30.973 INFO  [http-nio-8080-exec-8] com.retailzw.config.RequestLoggingFilter - HTTP GET /shop/support/chat/feed -> 200 (31 ms) client=0:0:0:0:0:0:0:1 requestId=4f4d9634
2026-06-09 02:22:30.967 INFO  [http-nio-8080-exec-9] com.retailzw.config.RequestLoggingFilter - HTTP GET /shop/support/chat/feed -> 200 (26 ms) client=0:0:0:0:0:0:0:1 requestId=a196b3bb
2026-06-09 02:23:30.968 INFO  [http-nio-8080-exec-1] com.retailzw.config.RequestLoggingFilter - HTTP GET /shop/support/chat/feed -> 200 (27 ms) client=0:0:0:0:0:0:0:1 requestId=9ebf3303
2026-06-09 02:24:30.973 INFO  [http-nio-8080-exec-2] com.retailzw.config.RequestLoggingFilter - HTTP GET /shop/support/chat/feed -> 200 (33 ms) client=0:0:0:0:0:0:0:1 requestId=4d9d526a
2026-06-09 02:25:31.177 INFO  [http-nio-8080-exec-3] com.retailzw.config.RequestLoggingFilter - HTTP GET /shop/support/chat/feed -> 200 (22 ms) client=0:0:0:0:0:0:0:1 requestId=c3c128d6
2026-06-09 02:26:30.991 INFO  [http-nio-8080-exec-4] com.retailzw.config.RequestLoggingFilter - HTTP GET /shop/support/chat/feed -> 200 (24 ms) client=0:0:0:0:0:0:0:1 requestId=19c2217f
2026-06-09 02:27:31.087 INFO  [http-nio-8080-exec-5] com.retailzw.config.RequestLoggingFilter - HTTP GET /shop/support/chat/feed -> 200 (23 ms) client=0:0:0:0:0:0:0:1 requestId=28201228
2026-06-09 02:28:30.991 INFO  [http-nio-8080-exec-6] com.retailzw.config.RequestLoggingFilter - HTTP GET /shop/support/chat/feed -> 200 (21 ms) client=0:0:0:0:0:0:0:1 requestId=3b07425c
2026-06-09 02:29:30.973 INFO  [http-nio-8080-exec-7] com.retailzw.config.RequestLoggingFilter - HTTP GET /shop/support/chat/feed -> 200 (28 ms) client=0:0:0:0:0:0:0:1 requestId=411cb36b
2026-06-09 02:30:30.970 INFO  [http-nio-8080-exec-10] com.retailzw.config.RequestLoggingFilter - HTTP GET /shop/support/chat/feed -> 200 (25 ms) client=0:0:0:0:0:0:0:1 requestId=57c50db7
2026-06-09 02:31:30.978 INFO  [http-nio-8080-exec-8] com.retailzw.config.RequestLoggingFilter - HTTP GET /shop/support/chat/feed -> 200 (30 ms) client=0:0:0:0:0:0:0:1 requestId=317b28cd
2026-06-09 02:32:30.976 INFO  [http-nio-8080-exec-9] com.retailzw.config.RequestLoggingFilter - HTTP GET /shop/support/chat/feed -> 200 (30 ms) client=0:0:0:0:0:0:0:1 requestId=760b278e
2026-06-09 02:33:30.998 INFO  [http-nio-8080-exec-1] com.retailzw.config.RequestLoggingFilter - HTTP GET /shop/support/chat/feed -> 200 (25 ms) client=0:0:0:0:0:0:0:1 requestId=40f83de7
2026-06-09 02:34:30.960 INFO  [http-nio-8080-exec-2] com.retailzw.config.RequestLoggingFilter - HTTP GET /shop/support/chat/feed -> 200 (20 ms) client=0:0:0:0:0:0:0:1 requestId=10598aab
2026-06-09 02:35:30.967 INFO  [http-nio-8080-exec-3] com.retailzw.config.RequestLoggingFilter - HTTP GET /shop/support/chat/feed -> 200 (26 ms) client=0:0:0:0:0:0:0:1 requestId=0e4b22f7
2026-06-09 02:36:30.968 INFO  [http-nio-8080-exec-4] com.retailzw.config.RequestLoggingFilter - HTTP GET /shop/support/chat/feed -> 200 (28 ms) client=0:0:0:0:0:0:0:1 requestId=05d41796
2026-06-09 02:37:30.971 INFO  [http-nio-8080-exec-5] com.retailzw.config.RequestLoggingFilter - HTTP GET /shop/support/chat/feed -> 200 (27 ms) client=0:0:0:0:0:0:0:1 requestId=75a98467
2026-06-09 02:38:31.101 INFO  [http-nio-8080-exec-6] com.retailzw.config.RequestLoggingFilter - HTTP GET /shop/support/chat/feed -> 200 (24 ms) client=0:0:0:0:0:0:0:1 requestId=9720741f
2026-06-09 02:39:30.986 INFO  [http-nio-8080-exec-7] com.retailzw.config.RequestLoggingFilter - HTTP GET /shop/support/chat/feed -> 200 (28 ms) client=0:0:0:0:0:0:0:1 requestId=e9c87f54
2026-06-09 02:40:30.975 INFO  [http-nio-8080-exec-10] com.retailzw.config.RequestLoggingFilter - HTTP GET /shop/support/chat/feed -> 200 (32 ms) client=0:0:0:0:0:0:0:1 requestId=1d336a9f
2026-06-09 02:41:30.970 INFO  [http-nio-8080-exec-8] com.retailzw.config.RequestLoggingFilter - HTTP GET /shop/support/chat/feed -> 200 (28 ms) client=0:0:0:0:0:0:0:1 requestId=0187dd5d
2026-06-09 02:42:30.963 INFO  [http-nio-8080-exec-9] com.retailzw.config.RequestLoggingFilter - HTTP GET /shop/support/chat/feed -> 200 (24 ms) client=0:0:0:0:0:0:0:1 requestId=161a1f84
2026-06-09 02:43:30.961 INFO  [http-nio-8080-exec-1] com.retailzw.config.RequestLoggingFilter - HTTP GET /shop/support/chat/feed -> 200 (22 ms) client=0:0:0:0:0:0:0:1 requestId=043e58d6
2026-06-09 02:44:31.230 INFO  [http-nio-8080-exec-2] com.retailzw.config.RequestLoggingFilter - HTTP GET /shop/support/chat/feed -> 200 (23 ms) client=0:0:0:0:0:0:0:1 requestId=f3e370ba
2026-06-09 02:45:31.199 INFO  [http-nio-8080-exec-3] com.retailzw.config.RequestLoggingFilter - HTTP GET /shop/support/chat/feed -> 200 (22 ms) client=0:0:0:0:0:0:0:1 requestId=e8587849
2026-06-09 02:46:30.985 INFO  [http-nio-8080-exec-5] com.retailzw.config.RequestLoggingFilter - HTTP GET /shop/support/chat/feed -> 200 (32 ms) client=0:0:0:0:0:0:0:1 requestId=f01d8a91
2026-06-09 02:47:31.083 INFO  [http-nio-8080-exec-6] com.retailzw.config.RequestLoggingFilter - HTTP GET /shop/support/chat/feed -> 200 (21 ms) client=0:0:0:0:0:0:0:1 requestId=c85e4bf5
2026-06-09 02:48:31.286 INFO  [http-nio-8080-exec-7] com.retailzw.config.RequestLoggingFilter - HTTP GET /shop/support/chat/feed -> 200 (27 ms) client=0:0:0:0:0:0:0:1 requestId=6478e9a9
2026-06-09 02:49:31.004 INFO  [http-nio-8080-exec-10] com.retailzw.config.RequestLoggingFilter - HTTP GET /shop/support/chat/feed -> 200 (18 ms) client=0:0:0:0:0:0:0:1 requestId=3093385a
2026-06-09 02:50:30.969 INFO  [http-nio-8080-exec-8] com.retailzw.config.RequestLoggingFilter - HTTP GET /shop/support/chat/feed -> 200 (28 ms) client=0:0:0:0:0:0:0:1 requestId=1ee878c7
2026-06-09 02:51:30.969 INFO  [http-nio-8080-exec-9] com.retailzw.config.RequestLoggingFilter - HTTP GET /shop/support/chat/feed -> 200 (29 ms) client=0:0:0:0:0:0:0:1 requestId=60785e98
2026-06-09 02:52:30.983 INFO  [http-nio-8080-exec-1] com.retailzw.config.RequestLoggingFilter - HTTP GET /shop/support/chat/feed -> 200 (22 ms) client=0:0:0:0:0:0:0:1 requestId=03beaba1
2026-06-09 02:53:30.976 INFO  [http-nio-8080-exec-2] com.retailzw.config.RequestLoggingFilter - HTTP GET /shop/support/chat/feed -> 200 (22 ms) client=0:0:0:0:0:0:0:1 requestId=eac03bde
2026-06-09 02:54:30.973 INFO  [http-nio-8080-exec-3] com.retailzw.config.RequestLoggingFilter - HTTP GET /shop/support/chat/feed -> 200 (31 ms) client=0:0:0:0:0:0:0:1 requestId=221e681d
2026-06-09 02:55:30.976 INFO  [http-nio-8080-exec-4] com.retailzw.config.RequestLoggingFilter - HTTP GET /shop/support/chat/feed -> 200 (22 ms) client=0:0:0:0:0:0:0:1 requestId=e4f04c87
2026-06-09 02:56:30.964 INFO  [http-nio-8080-exec-5] com.retailzw.config.RequestLoggingFilter - HTTP GET /shop/support/chat/feed -> 200 (21 ms) client=0:0:0:0:0:0:0:1 requestId=041cf277
2026-06-09 02:57:30.964 INFO  [http-nio-8080-exec-6] com.retailzw.config.RequestLoggingFilter - HTTP GET /shop/support/chat/feed -> 200 (22 ms) client=0:0:0:0:0:0:0:1 requestId=9d5c29cf
2026-06-09 02:58:30.964 INFO  [http-nio-8080-exec-7] com.retailzw.config.RequestLoggingFilter - HTTP GET /shop/support/chat/feed -> 200 (23 ms) client=0:0:0:0:0:0:0:1 requestId=5bfa7e0a
2026-06-09 02:59:30.966 INFO  [http-nio-8080-exec-10] com.retailzw.config.RequestLoggingFilter - HTTP GET /shop/support/chat/feed -> 200 (26 ms) client=0:0:0:0:0:0:0:1 requestId=8593b994
2026-06-09 03:00:31.112 INFO  [http-nio-8080-exec-8] com.retailzw.config.RequestLoggingFilter - HTTP GET /shop/support/chat/feed -> 200 (25 ms) client=0:0:0:0:0:0:0:1 requestId=02124fee
2026-06-09 03:01:30.963 INFO  [http-nio-8080-exec-9] com.retailzw.config.RequestLoggingFilter - HTTP GET /shop/support/chat/feed -> 200 (24 ms) client=0:0:0:0:0:0:0:1 requestId=b2571102
2026-06-09 03:02:30.967 INFO  [http-nio-8080-exec-1] com.retailzw.config.RequestLoggingFilter - HTTP GET /shop/support/chat/feed -> 200 (26 ms) client=0:0:0:0:0:0:0:1 requestId=eb81deca
2026-06-09 03:03:30.979 INFO  [http-nio-8080-exec-2] com.retailzw.config.RequestLoggingFilter - HTTP GET /shop/support/chat/feed -> 200 (22 ms) client=0:0:0:0:0:0:0:1 requestId=e86efbbd
2026-06-09 03:04:30.957 INFO  [http-nio-8080-exec-3] com.retailzw.config.RequestLoggingFilter - HTTP GET /shop/support/chat/feed -> 200 (17 ms) client=0:0:0:0:0:0:0:1 requestId=40fceb95
2026-06-09 03:05:31.003 INFO  [http-nio-8080-exec-4] com.retailzw.config.RequestLoggingFilter - HTTP GET /shop/support/chat/feed -> 200 (23 ms) client=0:0:0:0:0:0:0:1 requestId=38b5573c
2026-06-09 03:06:30.970 INFO  [http-nio-8080-exec-5] com.retailzw.config.RequestLoggingFilter - HTTP GET /shop/support/chat/feed -> 200 (22 ms) client=0:0:0:0:0:0:0:1 requestId=4510fa82
2026-06-09 03:07:31.144 INFO  [http-nio-8080-exec-6] com.retailzw.config.RequestLoggingFilter - HTTP GET /shop/support/chat/feed -> 200 (19 ms) client=0:0:0:0:0:0:0:1 requestId=e5054456
2026-06-09 03:08:31.158 INFO  [http-nio-8080-exec-7] com.retailzw.config.RequestLoggingFilter - HTTP GET /shop/support/chat/feed -> 200 (22 ms) client=0:0:0:0:0:0:0:1 requestId=b1c16316
2026-06-09 03:09:31.106 INFO  [http-nio-8080-exec-10] com.retailzw.config.RequestLoggingFilter - HTTP GET /shop/support/chat/feed -> 200 (20 ms) client=0:0:0:0:0:0:0:1 requestId=084a79de
2026-06-09 03:10:30.974 INFO  [http-nio-8080-exec-8] com.retailzw.config.RequestLoggingFilter - HTTP GET /shop/support/chat/feed -> 200 (24 ms) client=0:0:0:0:0:0:0:1 requestId=dfaf69eb
2026-06-09 03:11:31.079 INFO  [http-nio-8080-exec-9] com.retailzw.config.RequestLoggingFilter - HTTP GET /shop/support/chat/feed -> 200 (22 ms) client=0:0:0:0:0:0:0:1 requestId=74f7b7bd
2026-06-09 03:12:30.964 INFO  [http-nio-8080-exec-1] com.retailzw.config.RequestLoggingFilter - HTTP GET /shop/support/chat/feed -> 200 (24 ms) client=0:0:0:0:0:0:0:1 requestId=4f78f5a3
2026-06-09 03:13:30.969 INFO  [http-nio-8080-exec-2] com.retailzw.config.RequestLoggingFilter - HTTP GET /shop/support/chat/feed -> 200 (26 ms) client=0:0:0:0:0:0:0:1 requestId=cd7fbdd0
2026-06-09 03:14:30.984 INFO  [http-nio-8080-exec-3] com.retailzw.config.RequestLoggingFilter - HTTP GET /shop/support/chat/feed -> 200 (24 ms) client=0:0:0:0:0:0:0:1 requestId=506d0f08
2026-06-09 03:15:30.967 INFO  [http-nio-8080-exec-4] com.retailzw.config.RequestLoggingFilter - HTTP GET /shop/support/chat/feed -> 200 (26 ms) client=0:0:0:0:0:0:0:1 requestId=73f7a5f5
2026-06-09 03:16:31.163 INFO  [http-nio-8080-exec-6] com.retailzw.config.RequestLoggingFilter - HTTP GET /shop/support/chat/feed -> 200 (22 ms) client=0:0:0:0:0:0:0:1 requestId=65f7e667
2026-06-09 03:17:30.970 INFO  [http-nio-8080-exec-7] com.retailzw.config.RequestLoggingFilter - HTTP GET /shop/support/chat/feed -> 200 (21 ms) client=0:0:0:0:0:0:0:1 requestId=59cd3fa8
2026-06-09 03:18:31.108 INFO  [http-nio-8080-exec-10] com.retailzw.config.RequestLoggingFilter - HTTP GET /shop/support/chat/feed -> 200 (20 ms) client=0:0:0:0:0:0:0:1 requestId=a2df3937
2026-06-09 03:19:30.964 INFO  [http-nio-8080-exec-8] com.retailzw.config.RequestLoggingFilter - HTTP GET /shop/support/chat/feed -> 200 (23 ms) client=0:0:0:0:0:0:0:1 requestId=6b562ee9
2026-06-09 03:20:31.188 INFO  [http-nio-8080-exec-9] com.retailzw.config.RequestLoggingFilter - HTTP GET /shop/support/chat/feed -> 200 (26 ms) client=0:0:0:0:0:0:0:1 requestId=9a1ac381
2026-06-09 03:21:31.176 INFO  [http-nio-8080-exec-1] com.retailzw.config.RequestLoggingFilter - HTTP GET /shop/support/chat/feed -> 200 (25 ms) client=0:0:0:0:0:0:0:1 requestId=6438ebae
2026-06-09 03:22:30.962 INFO  [http-nio-8080-exec-2] com.retailzw.config.RequestLoggingFilter - HTTP GET /shop/support/chat/feed -> 200 (21 ms) client=0:0:0:0:0:0:0:1 requestId=4b4ed8dd
2026-06-09 03:23:31.196 INFO  [http-nio-8080-exec-3] com.retailzw.config.RequestLoggingFilter - HTTP GET /shop/support/chat/feed -> 200 (23 ms) client=0:0:0:0:0:0:0:1 requestId=ae73d911
2026-06-09 03:24:31.186 INFO  [http-nio-8080-exec-4] com.retailzw.config.RequestLoggingFilter - HTTP GET /shop/support/chat/feed -> 200 (21 ms) client=0:0:0:0:0:0:0:1 requestId=66c13483
2026-06-09 03:25:30.967 INFO  [http-nio-8080-exec-5] com.retailzw.config.RequestLoggingFilter - HTTP GET /shop/support/chat/feed -> 200 (24 ms) client=0:0:0:0:0:0:0:1 requestId=19ea87a1
2026-06-09 03:26:30.964 INFO  [http-nio-8080-exec-6] com.retailzw.config.RequestLoggingFilter - HTTP GET /shop/support/chat/feed -> 200 (23 ms) client=0:0:0:0:0:0:0:1 requestId=d2307183
2026-06-09 03:27:30.973 INFO  [http-nio-8080-exec-7] com.retailzw.config.RequestLoggingFilter - HTTP GET /shop/support/chat/feed -> 200 (31 ms) client=0:0:0:0:0:0:0:1 requestId=02ef9648
2026-06-09 03:28:30.972 INFO  [http-nio-8080-exec-10] com.retailzw.config.RequestLoggingFilter - HTTP GET /shop/support/chat/feed -> 200 (31 ms) client=0:0:0:0:0:0:0:1 requestId=23ee9b10
2026-06-09 03:29:30.965 INFO  [http-nio-8080-exec-8] com.retailzw.config.RequestLoggingFilter - HTTP GET /shop/support/chat/feed -> 200 (24 ms) client=0:0:0:0:0:0:0:1 requestId=9dd953cf
2026-06-09 03:30:30.989 INFO  [http-nio-8080-exec-9] com.retailzw.config.RequestLoggingFilter - HTTP GET /shop/support/chat/feed -> 200 (24 ms) client=0:0:0:0:0:0:0:1 requestId=5a94c292
2026-06-09 03:31:30.972 INFO  [http-nio-8080-exec-1] com.retailzw.config.RequestLoggingFilter - HTTP GET /shop/support/chat/feed -> 200 (32 ms) client=0:0:0:0:0:0:0:1 requestId=2cbffd71
2026-06-09 03:32:30.965 INFO  [http-nio-8080-exec-2] com.retailzw.config.RequestLoggingFilter - HTTP GET /shop/support/chat/feed -> 200 (25 ms) client=0:0:0:0:0:0:0:1 requestId=4de0a676
2026-06-09 03:33:31.061 INFO  [http-nio-8080-exec-3] com.retailzw.config.RequestLoggingFilter - HTTP GET /shop/support/chat/feed -> 200 (24 ms) client=0:0:0:0:0:0:0:1 requestId=65f5007b
2026-06-09 03:34:30.970 INFO  [http-nio-8080-exec-4] com.retailzw.config.RequestLoggingFilter - HTTP GET /shop/support/chat/feed -> 200 (29 ms) client=0:0:0:0:0:0:0:1 requestId=a76c9b0a
2026-06-09 03:35:30.961 INFO  [http-nio-8080-exec-5] com.retailzw.config.RequestLoggingFilter - HTTP GET /shop/support/chat/feed -> 200 (21 ms) client=0:0:0:0:0:0:0:1 requestId=8cbe7370
2026-06-09 03:36:30.963 INFO  [http-nio-8080-exec-6] com.retailzw.config.RequestLoggingFilter - HTTP GET /shop/support/chat/feed -> 200 (23 ms) client=0:0:0:0:0:0:0:1 requestId=4b454a3e
2026-06-09 03:37:31.245 INFO  [http-nio-8080-exec-7] com.retailzw.config.RequestLoggingFilter - HTTP GET /shop/support/chat/feed -> 200 (23 ms) client=0:0:0:0:0:0:0:1 requestId=d5449f4f
2026-06-09 03:38:30.961 INFO  [http-nio-8080-exec-10] com.retailzw.config.RequestLoggingFilter - HTTP GET /shop/support/chat/feed -> 200 (21 ms) client=0:0:0:0:0:0:0:1 requestId=b2580972
2026-06-09 03:39:30.974 INFO  [http-nio-8080-exec-8] com.retailzw.config.RequestLoggingFilter - HTTP GET /shop/support/chat/feed -> 200 (21 ms) client=0:0:0:0:0:0:0:1 requestId=60189f04
2026-06-09 03:40:30.969 INFO  [http-nio-8080-exec-9] com.retailzw.config.RequestLoggingFilter - HTTP GET /shop/support/chat/feed -> 200 (27 ms) client=0:0:0:0:0:0:0:1 requestId=360a7e42
2026-06-09 03:41:30.971 INFO  [http-nio-8080-exec-1] com.retailzw.config.RequestLoggingFilter - HTTP GET /shop/support/chat/feed -> 200 (28 ms) client=0:0:0:0:0:0:0:1 requestId=145bb5b4
2026-06-09 03:42:30.966 INFO  [http-nio-8080-exec-2] com.retailzw.config.RequestLoggingFilter - HTTP GET /shop/support/chat/feed -> 200 (20 ms) client=0:0:0:0:0:0:0:1 requestId=7329c6ed
2026-06-09 03:43:31.182 INFO  [http-nio-8080-exec-3] com.retailzw.config.RequestLoggingFilter - HTTP GET /shop/support/chat/feed -> 200 (21 ms) client=0:0:0:0:0:0:0:1 requestId=cb9c8e7e
2026-06-09 03:44:30.968 INFO  [http-nio-8080-exec-4] com.retailzw.config.RequestLoggingFilter - HTTP GET /shop/support/chat/feed -> 200 (23 ms) client=0:0:0:0:0:0:0:1 requestId=da195193
2026-06-09 03:45:30.967 INFO  [http-nio-8080-exec-5] com.retailzw.config.RequestLoggingFilter - HTTP GET /shop/support/chat/feed -> 200 (20 ms) client=0:0:0:0:0:0:0:1 requestId=b46db1cb
2026-06-09 03:46:31.009 INFO  [http-nio-8080-exec-7] com.retailzw.config.RequestLoggingFilter - HTTP GET /shop/support/chat/feed -> 200 (25 ms) client=0:0:0:0:0:0:0:1 requestId=09357da0
2026-06-09 03:47:30.970 INFO  [http-nio-8080-exec-10] com.retailzw.config.RequestLoggingFilter - HTTP GET /shop/support/chat/feed -> 200 (27 ms) client=0:0:0:0:0:0:0:1 requestId=26d7f093
2026-06-09 03:48:31.160 INFO  [http-nio-8080-exec-8] com.retailzw.config.RequestLoggingFilter - HTTP GET /shop/support/chat/feed -> 200 (22 ms) client=0:0:0:0:0:0:0:1 requestId=0f60f25d
2026-06-09 03:49:30.989 INFO  [http-nio-8080-exec-9] com.retailzw.config.RequestLoggingFilter - HTTP GET /shop/support/chat/feed -> 200 (20 ms) client=0:0:0:0:0:0:0:1 requestId=29391123
2026-06-09 03:50:30.961 INFO  [http-nio-8080-exec-1] com.retailzw.config.RequestLoggingFilter - HTTP GET /shop/support/chat/feed -> 200 (22 ms) client=0:0:0:0:0:0:0:1 requestId=9e047ac9
2026-06-09 03:51:31.021 INFO  [http-nio-8080-exec-2] com.retailzw.config.RequestLoggingFilter - HTTP GET /shop/support/chat/feed -> 200 (22 ms) client=0:0:0:0:0:0:0:1 requestId=6e4697f7
2026-06-09 03:52:30.964 INFO  [http-nio-8080-exec-3] com.retailzw.config.RequestLoggingFilter - HTTP GET /shop/support/chat/feed -> 200 (23 ms) client=0:0:0:0:0:0:0:1 requestId=b3dd85f9
2026-06-09 03:53:30.960 INFO  [http-nio-8080-exec-4] com.retailzw.config.RequestLoggingFilter - HTTP GET /shop/support/chat/feed -> 200 (20 ms) client=0:0:0:0:0:0:0:1 requestId=d0207c8d
2026-06-09 03:54:30.961 INFO  [http-nio-8080-exec-5] com.retailzw.config.RequestLoggingFilter - HTTP GET /shop/support/chat/feed -> 200 (21 ms) client=0:0:0:0:0:0:0:1 requestId=f6a2befc
2026-06-09 03:55:30.968 INFO  [http-nio-8080-exec-6] com.retailzw.config.RequestLoggingFilter - HTTP GET /shop/support/chat/feed -> 200 (23 ms) client=0:0:0:0:0:0:0:1 requestId=ffc14516
2026-06-09 03:56:30.960 INFO  [http-nio-8080-exec-7] com.retailzw.config.RequestLoggingFilter - HTTP GET /shop/support/chat/feed -> 200 (20 ms) client=0:0:0:0:0:0:0:1 requestId=4994f3a2
2026-06-09 03:57:31.228 INFO  [http-nio-8080-exec-10] com.retailzw.config.RequestLoggingFilter - HTTP GET /shop/support/chat/feed -> 200 (22 ms) client=0:0:0:0:0:0:0:1 requestId=400ac0f6
2026-06-09 03:58:30.963 INFO  [http-nio-8080-exec-8] com.retailzw.config.RequestLoggingFilter - HTTP GET /shop/support/chat/feed -> 200 (21 ms) client=0:0:0:0:0:0:0:1 requestId=be9790f9
2026-06-09 03:59:30.964 INFO  [http-nio-8080-exec-9] com.retailzw.config.RequestLoggingFilter - HTTP GET /shop/support/chat/feed -> 200 (22 ms) client=0:0:0:0:0:0:0:1 requestId=69eb4498
2026-06-09 04:00:31.040 INFO  [http-nio-8080-exec-1] com.retailzw.config.RequestLoggingFilter - HTTP GET /shop/support/chat/feed -> 200 (24 ms) client=0:0:0:0:0:0:0:1 requestId=b778508b
2026-06-09 04:01:30.970 INFO  [http-nio-8080-exec-2] com.retailzw.config.RequestLoggingFilter - HTTP GET /shop/support/chat/feed -> 200 (25 ms) client=0:0:0:0:0:0:0:1 requestId=f4750184
2026-06-09 04:02:31.068 INFO  [http-nio-8080-exec-3] com.retailzw.config.RequestLoggingFilter - HTTP GET /shop/support/chat/feed -> 200 (20 ms) client=0:0:0:0:0:0:0:1 requestId=14e027e3
2026-06-09 04:03:30.979 INFO  [http-nio-8080-exec-4] com.retailzw.config.RequestLoggingFilter - HTTP GET /shop/support/chat/feed -> 200 (20 ms) client=0:0:0:0:0:0:0:1 requestId=e464bbf8
2026-06-09 04:04:30.970 INFO  [http-nio-8080-exec-5] com.retailzw.config.RequestLoggingFilter - HTTP GET /shop/support/chat/feed -> 200 (28 ms) client=0:0:0:0:0:0:0:1 requestId=13451c64
2026-06-09 04:05:30.966 INFO  [http-nio-8080-exec-6] com.retailzw.config.RequestLoggingFilter - HTTP GET /shop/support/chat/feed -> 200 (24 ms) client=0:0:0:0:0:0:0:1 requestId=5be005b8
2026-06-09 04:06:30.961 INFO  [http-nio-8080-exec-7] com.retailzw.config.RequestLoggingFilter - HTTP GET /shop/support/chat/feed -> 200 (20 ms) client=0:0:0:0:0:0:0:1 requestId=15c43e1c
2026-06-09 04:07:30.961 INFO  [http-nio-8080-exec-10] com.retailzw.config.RequestLoggingFilter - HTTP GET /shop/support/chat/feed -> 200 (22 ms) client=0:0:0:0:0:0:0:1 requestId=00c6ed6c
2026-06-09 04:08:30.961 INFO  [http-nio-8080-exec-8] com.retailzw.config.RequestLoggingFilter - HTTP GET /shop/support/chat/feed -> 200 (22 ms) client=0:0:0:0:0:0:0:1 requestId=6eeacc66
2026-06-09 04:09:30.989 INFO  [http-nio-8080-exec-9] com.retailzw.config.RequestLoggingFilter - HTTP GET /shop/support/chat/feed -> 200 (28 ms) client=0:0:0:0:0:0:0:1 requestId=0d13214f
2026-06-09 04:10:30.964 INFO  [http-nio-8080-exec-1] com.retailzw.config.RequestLoggingFilter - HTTP GET /shop/support/chat/feed -> 200 (24 ms) client=0:0:0:0:0:0:0:1 requestId=4fd91cff
2026-06-09 04:11:30.962 INFO  [http-nio-8080-exec-2] com.retailzw.config.RequestLoggingFilter - HTTP GET /shop/support/chat/feed -> 200 (23 ms) client=0:0:0:0:0:0:0:1 requestId=11d6dbeb
2026-06-09 04:12:30.965 INFO  [http-nio-8080-exec-3] com.retailzw.config.RequestLoggingFilter - HTTP GET /shop/support/chat/feed -> 200 (24 ms) client=0:0:0:0:0:0:0:1 requestId=6d74d2f1
2026-06-09 04:13:30.964 INFO  [http-nio-8080-exec-4] com.retailzw.config.RequestLoggingFilter - HTTP GET /shop/support/chat/feed -> 200 (24 ms) client=0:0:0:0:0:0:0:1 requestId=f8e11f80
2026-06-09 04:14:30.967 INFO  [http-nio-8080-exec-5] com.retailzw.config.RequestLoggingFilter - HTTP GET /shop/support/chat/feed -> 200 (25 ms) client=0:0:0:0:0:0:0:1 requestId=1f258346
2026-06-09 04:15:30.979 INFO  [http-nio-8080-exec-6] com.retailzw.config.RequestLoggingFilter - HTTP GET /shop/support/chat/feed -> 200 (25 ms) client=0:0:0:0:0:0:0:1 requestId=4c782f32
2026-06-09 04:16:30.967 INFO  [http-nio-8080-exec-10] com.retailzw.config.RequestLoggingFilter - HTTP GET /shop/support/chat/feed -> 200 (23 ms) client=0:0:0:0:0:0:0:1 requestId=0c8fb9c4
2026-06-09 04:17:30.961 INFO  [http-nio-8080-exec-8] com.retailzw.config.RequestLoggingFilter - HTTP GET /shop/support/chat/feed -> 200 (19 ms) client=0:0:0:0:0:0:0:1 requestId=34dcc5a3
2026-06-09 04:18:30.991 INFO  [http-nio-8080-exec-9] com.retailzw.config.RequestLoggingFilter - HTTP GET /shop/support/chat/feed -> 200 (19 ms) client=0:0:0:0:0:0:0:1 requestId=3869d762
2026-06-09 04:19:30.972 INFO  [http-nio-8080-exec-1] com.retailzw.config.RequestLoggingFilter - HTTP GET /shop/support/chat/feed -> 200 (21 ms) client=0:0:0:0:0:0:0:1 requestId=ef348acf
2026-06-09 04:20:31.039 INFO  [http-nio-8080-exec-2] com.retailzw.config.RequestLoggingFilter - HTTP GET /shop/support/chat/feed -> 200 (21 ms) client=0:0:0:0:0:0:0:1 requestId=c95f1cdb
2026-06-09 04:21:30.964 INFO  [http-nio-8080-exec-3] com.retailzw.config.RequestLoggingFilter - HTTP GET /shop/support/chat/feed -> 200 (22 ms) client=0:0:0:0:0:0:0:1 requestId=8d63f56a
2026-06-09 04:22:31.002 INFO  [http-nio-8080-exec-4] com.retailzw.config.RequestLoggingFilter - HTTP GET /shop/support/chat/feed -> 200 (21 ms) client=0:0:0:0:0:0:0:1 requestId=1441ae88
2026-06-09 04:23:30.973 INFO  [http-nio-8080-exec-5] com.retailzw.config.RequestLoggingFilter - HTTP GET /shop/support/chat/feed -> 200 (23 ms) client=0:0:0:0:0:0:0:1 requestId=9ba8656f
2026-06-09 04:24:30.963 INFO  [http-nio-8080-exec-6] com.retailzw.config.RequestLoggingFilter - HTTP GET /shop/support/chat/feed -> 200 (19 ms) client=0:0:0:0:0:0:0:1 requestId=aaccda96
2026-06-09 04:25:30.965 INFO  [http-nio-8080-exec-7] com.retailzw.config.RequestLoggingFilter - HTTP GET /shop/support/chat/feed -> 200 (25 ms) client=0:0:0:0:0:0:0:1 requestId=faa35967
2026-06-09 04:26:31.272 INFO  [http-nio-8080-exec-10] com.retailzw.config.RequestLoggingFilter - HTTP GET /shop/support/chat/feed -> 200 (20 ms) client=0:0:0:0:0:0:0:1 requestId=ce2c4683
2026-06-09 04:27:30.963 INFO  [http-nio-8080-exec-8] com.retailzw.config.RequestLoggingFilter - HTTP GET /shop/support/chat/feed -> 200 (23 ms) client=0:0:0:0:0:0:0:1 requestId=47679f79
2026-06-09 04:28:30.960 INFO  [http-nio-8080-exec-9] com.retailzw.config.RequestLoggingFilter - HTTP GET /shop/support/chat/feed -> 200 (19 ms) client=0:0:0:0:0:0:0:1 requestId=99b08003
2026-06-09 04:29:30.962 INFO  [http-nio-8080-exec-1] com.retailzw.config.RequestLoggingFilter - HTTP GET /shop/support/chat/feed -> 200 (21 ms) client=0:0:0:0:0:0:0:1 requestId=3884bc89
2026-06-09 04:30:31.251 INFO  [http-nio-8080-exec-2] com.retailzw.config.RequestLoggingFilter - HTTP GET /shop/support/chat/feed -> 200 (21 ms) client=0:0:0:0:0:0:0:1 requestId=19ee5530
2026-06-09 04:31:30.963 INFO  [http-nio-8080-exec-3] com.retailzw.config.RequestLoggingFilter - HTTP GET /shop/support/chat/feed -> 200 (23 ms) client=0:0:0:0:0:0:0:1 requestId=6e6a4e8c
2026-06-09 04:32:31.245 INFO  [http-nio-8080-exec-4] com.retailzw.config.RequestLoggingFilter - HTTP GET /shop/support/chat/feed -> 200 (22 ms) client=0:0:0:0:0:0:0:1 requestId=8cf184d4
2026-06-09 04:33:31.049 INFO  [http-nio-8080-exec-5] com.retailzw.config.RequestLoggingFilter - HTTP GET /shop/support/chat/feed -> 200 (19 ms) client=0:0:0:0:0:0:0:1 requestId=cb03209b
2026-06-09 04:34:30.972 INFO  [http-nio-8080-exec-6] com.retailzw.config.RequestLoggingFilter - HTTP GET /shop/support/chat/feed -> 200 (22 ms) client=0:0:0:0:0:0:0:1 requestId=1b8235b0
2026-06-09 04:35:31.255 INFO  [http-nio-8080-exec-7] com.retailzw.config.RequestLoggingFilter - HTTP GET /shop/support/chat/feed -> 200 (23 ms) client=0:0:0:0:0:0:0:1 requestId=0eae0e57
2026-06-09 04:36:30.963 INFO  [http-nio-8080-exec-10] com.retailzw.config.RequestLoggingFilter - HTTP GET /shop/support/chat/feed -> 200 (24 ms) client=0:0:0:0:0:0:0:1 requestId=f351b3f3
2026-06-09 04:37:30.979 INFO  [http-nio-8080-exec-8] com.retailzw.config.RequestLoggingFilter - HTTP GET /shop/support/chat/feed -> 200 (22 ms) client=0:0:0:0:0:0:0:1 requestId=4bff2c39
2026-06-09 04:38:30.968 INFO  [http-nio-8080-exec-9] com.retailzw.config.RequestLoggingFilter - HTTP GET /shop/support/chat/feed -> 200 (24 ms) client=0:0:0:0:0:0:0:1 requestId=884d1d5d
2026-06-09 04:39:31.115 INFO  [http-nio-8080-exec-1] com.retailzw.config.RequestLoggingFilter - HTTP GET /shop/support/chat/feed -> 200 (22 ms) client=0:0:0:0:0:0:0:1 requestId=6e13c196
2026-06-09 04:40:30.962 INFO  [http-nio-8080-exec-2] com.retailzw.config.RequestLoggingFilter - HTTP GET /shop/support/chat/feed -> 200 (21 ms) client=0:0:0:0:0:0:0:1 requestId=9e66b2fe
2026-06-09 04:41:31.170 INFO  [http-nio-8080-exec-3] com.retailzw.config.RequestLoggingFilter - HTTP GET /shop/support/chat/feed -> 200 (21 ms) client=0:0:0:0:0:0:0:1 requestId=43485b4a
2026-06-09 04:42:30.970 INFO  [http-nio-8080-exec-4] com.retailzw.config.RequestLoggingFilter - HTTP GET /shop/support/chat/feed -> 200 (20 ms) client=0:0:0:0:0:0:0:1 requestId=9c453771
2026-06-09 04:43:30.961 INFO  [http-nio-8080-exec-5] com.retailzw.config.RequestLoggingFilter - HTTP GET /shop/support/chat/feed -> 200 (20 ms) client=0:0:0:0:0:0:0:1 requestId=991e1d56
2026-06-09 04:44:30.964 INFO  [http-nio-8080-exec-6] com.retailzw.config.RequestLoggingFilter - HTTP GET /shop/support/chat/feed -> 200 (23 ms) client=0:0:0:0:0:0:0:1 requestId=7f06a1b0
2026-06-09 04:45:30.963 INFO  [http-nio-8080-exec-7] com.retailzw.config.RequestLoggingFilter - HTTP GET /shop/support/chat/feed -> 200 (21 ms) client=0:0:0:0:0:0:0:1 requestId=3b96e0fd
2026-06-09 04:46:30.970 INFO  [http-nio-8080-exec-8] com.retailzw.config.RequestLoggingFilter - HTTP GET /shop/support/chat/feed -> 200 (27 ms) client=0:0:0:0:0:0:0:1 requestId=ebe2d3f5
2026-06-09 04:47:30.962 INFO  [http-nio-8080-exec-9] com.retailzw.config.RequestLoggingFilter - HTTP GET /shop/support/chat/feed -> 200 (23 ms) client=0:0:0:0:0:0:0:1 requestId=e1aca2a2
2026-06-09 04:48:30.993 INFO  [http-nio-8080-exec-1] com.retailzw.config.RequestLoggingFilter - HTTP GET /shop/support/chat/feed -> 200 (22 ms) client=0:0:0:0:0:0:0:1 requestId=b219d380
2026-06-09 04:49:31.332 INFO  [http-nio-8080-exec-2] com.retailzw.config.RequestLoggingFilter - HTTP GET /shop/support/chat/feed -> 200 (21 ms) client=0:0:0:0:0:0:0:1 requestId=ef4a13e5
2026-06-09 04:50:30.963 INFO  [http-nio-8080-exec-3] com.retailzw.config.RequestLoggingFilter - HTTP GET /shop/support/chat/feed -> 200 (22 ms) client=0:0:0:0:0:0:0:1 requestId=968ae75a
2026-06-09 04:51:30.963 INFO  [http-nio-8080-exec-4] com.retailzw.config.RequestLoggingFilter - HTTP GET /shop/support/chat/feed -> 200 (22 ms) client=0:0:0:0:0:0:0:1 requestId=d291416a
2026-06-09 04:52:30.964 INFO  [http-nio-8080-exec-5] com.retailzw.config.RequestLoggingFilter - HTTP GET /shop/support/chat/feed -> 200 (23 ms) client=0:0:0:0:0:0:0:1 requestId=13d05cfe
2026-06-09 04:53:30.995 INFO  [http-nio-8080-exec-6] com.retailzw.config.RequestLoggingFilter - HTTP GET /shop/support/chat/feed -> 200 (53 ms) client=0:0:0:0:0:0:0:1 requestId=48ca8664
2026-06-09 04:54:30.965 INFO  [http-nio-8080-exec-7] com.retailzw.config.RequestLoggingFilter - HTTP GET /shop/support/chat/feed -> 200 (21 ms) client=0:0:0:0:0:0:0:1 requestId=8e986ae5
2026-06-09 04:55:30.964 INFO  [http-nio-8080-exec-10] com.retailzw.config.RequestLoggingFilter - HTTP GET /shop/support/chat/feed -> 200 (21 ms) client=0:0:0:0:0:0:0:1 requestId=0fbaf5ed
2026-06-09 04:56:30.964 INFO  [http-nio-8080-exec-8] com.retailzw.config.RequestLoggingFilter - HTTP GET /shop/support/chat/feed -> 200 (22 ms) client=0:0:0:0:0:0:0:1 requestId=11a49adc
2026-06-09 04:57:31.041 INFO  [http-nio-8080-exec-9] com.retailzw.config.RequestLoggingFilter - HTTP GET /shop/support/chat/feed -> 200 (18 ms) client=0:0:0:0:0:0:0:1 requestId=c7f41fb0
2026-06-09 04:58:31.213 INFO  [http-nio-8080-exec-1] com.retailzw.config.RequestLoggingFilter - HTTP GET /shop/support/chat/feed -> 200 (20 ms) client=0:0:0:0:0:0:0:1 requestId=4c0c1fc8
2026-06-09 04:59:30.971 INFO  [http-nio-8080-exec-2] com.retailzw.config.RequestLoggingFilter - HTTP GET /shop/support/chat/feed -> 200 (24 ms) client=0:0:0:0:0:0:0:1 requestId=e525f500
2026-06-09 05:00:31.206 INFO  [http-nio-8080-exec-3] com.retailzw.config.RequestLoggingFilter - HTTP GET /shop/support/chat/feed -> 200 (24 ms) client=0:0:0:0:0:0:0:1 requestId=e747e1dc
2026-06-09 05:01:31.241 INFO  [http-nio-8080-exec-4] com.retailzw.config.RequestLoggingFilter - HTTP GET /shop/support/chat/feed -> 200 (22 ms) client=0:0:0:0:0:0:0:1 requestId=d7f2773e
2026-06-09 05:02:30.958 INFO  [http-nio-8080-exec-5] com.retailzw.config.RequestLoggingFilter - HTTP GET /shop/support/chat/feed -> 200 (19 ms) client=0:0:0:0:0:0:0:1 requestId=ed412005
2026-06-09 05:03:30.961 INFO  [http-nio-8080-exec-6] com.retailzw.config.RequestLoggingFilter - HTTP GET /shop/support/chat/feed -> 200 (22 ms) client=0:0:0:0:0:0:0:1 requestId=22969f1b
2026-06-09 05:04:30.972 INFO  [http-nio-8080-exec-7] com.retailzw.config.RequestLoggingFilter - HTTP GET /shop/support/chat/feed -> 200 (30 ms) client=0:0:0:0:0:0:0:1 requestId=51940a33
2026-06-09 05:05:30.964 INFO  [http-nio-8080-exec-10] com.retailzw.config.RequestLoggingFilter - HTTP GET /shop/support/chat/feed -> 200 (23 ms) client=0:0:0:0:0:0:0:1 requestId=874e2d53
2026-06-09 05:06:30.960 INFO  [http-nio-8080-exec-8] com.retailzw.config.RequestLoggingFilter - HTTP GET /shop/support/chat/feed -> 200 (20 ms) client=0:0:0:0:0:0:0:1 requestId=dad51e49
2026-06-09 05:07:30.959 INFO  [http-nio-8080-exec-9] com.retailzw.config.RequestLoggingFilter - HTTP GET /shop/support/chat/feed -> 200 (20 ms) client=0:0:0:0:0:0:0:1 requestId=a575b90b
2026-06-09 05:08:31.116 INFO  [http-nio-8080-exec-1] com.retailzw.config.RequestLoggingFilter - HTTP GET /shop/support/chat/feed -> 200 (27 ms) client=0:0:0:0:0:0:0:1 requestId=357dec46
2026-06-09 05:09:30.978 INFO  [http-nio-8080-exec-2] com.retailzw.config.RequestLoggingFilter - HTTP GET /shop/support/chat/feed -> 200 (24 ms) client=0:0:0:0:0:0:0:1 requestId=bcfdf32c
2026-06-09 05:10:30.968 INFO  [http-nio-8080-exec-3] com.retailzw.config.RequestLoggingFilter - HTTP GET /shop/support/chat/feed -> 200 (28 ms) client=0:0:0:0:0:0:0:1 requestId=6eab0e03
2026-06-09 05:11:30.962 INFO  [http-nio-8080-exec-4] com.retailzw.config.RequestLoggingFilter - HTTP GET /shop/support/chat/feed -> 200 (20 ms) client=0:0:0:0:0:0:0:1 requestId=30cf88ad
2026-06-09 05:12:30.966 INFO  [http-nio-8080-exec-5] com.retailzw.config.RequestLoggingFilter - HTTP GET /shop/support/chat/feed -> 200 (26 ms) client=0:0:0:0:0:0:0:1 requestId=bd4a40d9
2026-06-09 05:13:30.963 INFO  [http-nio-8080-exec-6] com.retailzw.config.RequestLoggingFilter - HTTP GET /shop/support/chat/feed -> 200 (22 ms) client=0:0:0:0:0:0:0:1 requestId=599c84fa
2026-06-09 05:14:30.963 INFO  [http-nio-8080-exec-7] com.retailzw.config.RequestLoggingFilter - HTTP GET /shop/support/chat/feed -> 200 (21 ms) client=0:0:0:0:0:0:0:1 requestId=2924e60a
2026-06-09 05:15:31.227 INFO  [http-nio-8080-exec-10] com.retailzw.config.RequestLoggingFilter - HTTP GET /shop/support/chat/feed -> 200 (19 ms) client=0:0:0:0:0:0:0:1 requestId=10f1e1d3
2026-06-09 05:16:30.958 INFO  [http-nio-8080-exec-9] com.retailzw.config.RequestLoggingFilter - HTTP GET /shop/support/chat/feed -> 200 (17 ms) client=0:0:0:0:0:0:0:1 requestId=289b6838
2026-06-09 05:17:30.961 INFO  [http-nio-8080-exec-1] com.retailzw.config.RequestLoggingFilter - HTTP GET /shop/support/chat/feed -> 200 (21 ms) client=0:0:0:0:0:0:0:1 requestId=7bd84a36
2026-06-09 05:18:30.986 INFO  [http-nio-8080-exec-2] com.retailzw.config.RequestLoggingFilter - HTTP GET /shop/support/chat/feed -> 200 (21 ms) client=0:0:0:0:0:0:0:1 requestId=cec7d870
2026-06-09 05:19:30.959 INFO  [http-nio-8080-exec-3] com.retailzw.config.RequestLoggingFilter - HTTP GET /shop/support/chat/feed -> 200 (18 ms) client=0:0:0:0:0:0:0:1 requestId=dbc5ef9c
2026-06-09 05:20:30.977 INFO  [http-nio-8080-exec-4] com.retailzw.config.RequestLoggingFilter - HTTP GET /shop/support/chat/feed -> 200 (21 ms) client=0:0:0:0:0:0:0:1 requestId=6c565c54
2026-06-09 05:21:30.968 INFO  [http-nio-8080-exec-5] com.retailzw.config.RequestLoggingFilter - HTTP GET /shop/support/chat/feed -> 200 (27 ms) client=0:0:0:0:0:0:0:1 requestId=56476a6f
2026-06-09 05:22:30.960 INFO  [http-nio-8080-exec-6] com.retailzw.config.RequestLoggingFilter - HTTP GET /shop/support/chat/feed -> 200 (20 ms) client=0:0:0:0:0:0:0:1 requestId=8b353e82
2026-06-09 05:23:30.968 INFO  [http-nio-8080-exec-7] com.retailzw.config.RequestLoggingFilter - HTTP GET /shop/support/chat/feed -> 200 (20 ms) client=0:0:0:0:0:0:0:1 requestId=03e70ba5
2026-06-09 05:24:30.963 INFO  [http-nio-8080-exec-10] com.retailzw.config.RequestLoggingFilter - HTTP GET /shop/support/chat/feed -> 200 (19 ms) client=0:0:0:0:0:0:0:1 requestId=0db50bcc
2026-06-09 05:25:30.958 INFO  [http-nio-8080-exec-8] com.retailzw.config.RequestLoggingFilter - HTTP GET /shop/support/chat/feed -> 200 (17 ms) client=0:0:0:0:0:0:0:1 requestId=6697a678
2026-06-09 05:26:30.969 INFO  [http-nio-8080-exec-9] com.retailzw.config.RequestLoggingFilter - HTTP GET /shop/support/chat/feed -> 200 (27 ms) client=0:0:0:0:0:0:0:1 requestId=701bb47f
2026-06-09 05:27:30.962 INFO  [http-nio-8080-exec-1] com.retailzw.config.RequestLoggingFilter - HTTP GET /shop/support/chat/feed -> 200 (19 ms) client=0:0:0:0:0:0:0:1 requestId=f415c018
2026-06-09 09:27:25.989 INFO  [http-nio-8080-exec-3] com.retailzw.config.RequestLoggingFilter - HTTP GET /auth/shop/forgot -> 200 (216 ms) client=0:0:0:0:0:0:0:1 requestId=664e2768
2026-06-09 09:27:29.320 WARN  [RetailZW-HikariPool housekeeper] com.zaxxer.hikari.pool.HikariPool - RetailZW-HikariPool - Thread starvation or clock leap detected (housekeeper delta=50m57s210ms530탎500ns).
2026-06-09 10:45:35.122 WARN  [RetailZW-HikariPool housekeeper] com.zaxxer.hikari.pool.HikariPool - RetailZW-HikariPool - Thread starvation or clock leap detected (housekeeper delta=6m35s94ms472탎600ns).
2026-06-09 11:39:22.696 WARN  [RetailZW-HikariPool housekeeper] com.zaxxer.hikari.pool.HikariPool - RetailZW-HikariPool - Thread starvation or clock leap detected (housekeeper delta=38m17s314ms314탎).
2026-06-09 21:57:21.792 WARN  [RetailZW-HikariPool housekeeper] com.zaxxer.hikari.pool.HikariPool - RetailZW-HikariPool - Thread starvation or clock leap detected (housekeeper delta=10h18m7s631ms541탎400ns).
